<html>
<body>
<pre>
<h1>µVision Build Log</h1>
<h2>Tool Versions:</h2>
IDE-Version: µVision V5.24.2.0
Copyright (C) 2017 ARM Ltd and ARM Germany GmbH. All rights reserved.
License Information: Alex ., SAM SOBI, LIC=IC9SB-29LSG-FZUWU-SK4PI-S84H8-7NFF5
 
Tool Versions:
Toolchain:       MDK-ARM Professional  Version: 5.24.1
Toolchain Path:  d:\Keil_v5\ARM\ARMCC\Bin
C Compiler:      Armcc.exe V5.06 update 5 (build 528)
Assembler:       Armasm.exe V5.06 update 5 (build 528)
Linker/Locator:  ArmLink.exe V5.06 update 5 (build 528)
Library Manager: ArmAr.exe V5.06 update 5 (build 528)
Hex Converter:   FromElf.exe V5.06 update 5 (build 528)
CPU DLL:         SARMCM3.DLL V5.24.1
Dialog DLL:      DARMCM1.DLL V1.18.0.0
Target DLL:      STLink\ST-LINKIII-KEIL_SWO.dll V3.0.1.0
Dialog DLL:      TARMCM1.DLL V1.13.0.0
 
<h2>Project:</h2>
C:\Users\Alex\Documents\GitHub\elm329\elm329.uvprojx
Project File Date:  02/03/2018

<h2>Output:</h2>
*** Using Compiler 'V5.06 update 5 (build 528)', folder: 'd:\Keil_v5\ARM\ARMCC\Bin'
*** Warning: Using Microlib and C++ file(s) might cause the linker to fail !
  
Rebuild target 'adapter'
Clean started - Project: 'elm329'
   deleting intermediate output files for target 'adapter'
compiling adapter.cpp...
compiling adapterconfig.cpp...
compiling datacollector.cpp...
compiling functions.cpp...
compiling dispatcher.cpp...
compiling AdcSTM32F0xx.cpp...
compiling CanDriverSTM32F0xx.cpp...
compiling CmdUartSTM32F0xx.cpp...
compiling SysutilitySTM32F0xx.cpp...
compiling GpioDrvSTM32F0xx.cpp...
compiling TimerSTM32F0xx.cpp...
compiling led.cpp...
compiling stm32f0xx_gpio.c...
compiling stm32f0xx_rcc.c...
compiling stm32f0xx_tim.c...
compiling stm32f0xx_usart.c...
compiling stm32f0xx_can.c...
compiling stm32f0xx_adc.c...
compiling autoadapter.cpp...
compiling canformatter.cpp...
compiling canhistory.cpp...
compiling isocan.cpp...
compiling obdprofile.cpp...
compiling padapter.cpp...
compiling algorithms.cpp...
compiling canmsgbuffer.cpp...
compiling lstring.cpp...
assembling startup_stm32f042.s...
compiling system_stm32f0xx.c...
linking...
Program Size: Code=22120 RO-data=2676 RW-data=192 ZI-data=5632  
".\Objects\obdst18.axf" - 0 Error(s), 0 Warning(s).

*** Performing Cross-Module-Optimization:
compiling adapter.cpp...
compiling adapterconfig.cpp...
compiling functions.cpp...
compiling AdcSTM32F0xx.cpp...
compiling CanDriverSTM32F0xx.cpp...
compiling CmdUartSTM32F0xx.cpp...
compiling GpioDrvSTM32F0xx.cpp...
compiling TimerSTM32F0xx.cpp...
compiling led.cpp...
compiling stm32f0xx_gpio.c...
compiling stm32f0xx_rcc.c...
compiling stm32f0xx_tim.c...
compiling stm32f0xx_usart.c...
compiling stm32f0xx_can.c...
compiling stm32f0xx_adc.c...
compiling autoadapter.cpp...
compiling isocan.cpp...
compiling obdprofile.cpp...
compiling padapter.cpp...
compiling algorithms.cpp...
compiling lstring.cpp...
compiling system_stm32f0xx.c...
linking...
Program Size: Code=15452 RO-data=2676 RW-data=192 ZI-data=5632  
compiling adapter.cpp...
compiling adapterconfig.cpp...
compiling functions.cpp...
compiling AdcSTM32F0xx.cpp...
compiling CanDriverSTM32F0xx.cpp...
compiling CmdUartSTM32F0xx.cpp...
compiling GpioDrvSTM32F0xx.cpp...
compiling TimerSTM32F0xx.cpp...
compiling led.cpp...
compiling stm32f0xx_gpio.c...
compiling stm32f0xx_rcc.c...
compiling stm32f0xx_tim.c...
compiling stm32f0xx_usart.c...
compiling stm32f0xx_can.c...
compiling stm32f0xx_adc.c...
compiling autoadapter.cpp...
compiling isocan.cpp...
compiling obdprofile.cpp...
compiling padapter.cpp...
compiling algorithms.cpp...
compiling lstring.cpp...
compiling system_stm32f0xx.c...
linking...
Program Size: Code=15452 RO-data=2676 RW-data=192 ZI-data=5632  
FromELF: creating hex file...
".\Objects\obdst18.axf" - 0 Error(s), 0 Warning(s).
*** Completed Cross-Module-Optimization after 3 iteration(s).

<h2>Software Packages used:</h2>

Package Vendor: ARM
                http://www.keil.com/pack/ARM.CMSIS.5.4.0.pack
                ARM.CMSIS.5.4.0
                CMSIS (Cortex Microcontroller Software Interface Standard)
   * Component: CORE Version: 5.1.2

Package Vendor: Keil
                http://www.keil.com/pack/Keil.STM32F0xx_DFP.1.4.0.pack
                Keil.STM32F0xx_DFP.1.4.0
                STMicroelectronics STM32F0 Series Device Support and Examples
   * Component: Startup Version: 1.5.0

<h2>Collection of Component include folders:</h2>
  .\RTE\_adapter
  d:\Keil_v5\ARM\PACK\ARM\CMSIS\5.4.0\CMSIS\Core\Include
  d:\Keil_v5\ARM\PACK\Keil\STM32F0xx_DFP\1.4.0\Device\Include

<h2>Collection of Component Files used:</h2>

   * Component: Keil::Device:Startup:1.5.0
      Source file:   Device\Source\system_stm32f0xx.c
      Source file:   Device\Source\ARM\startup_stm32f042.s
      Source file:   Device\Source\ARM\STM32F0xx_OPT.s

   * Component: ARM::CMSIS:CORE:5.1.2
Build Time Elapsed:  00:00:20
</pre>
</body>
</html>
