Component: ARM Compiler 5.06 update 5 (build 528) Tool: armlink [4d35e2]

==============================================================================

Section Cross References

    adapter.o(.text) refers to adapterconfig.o(.text) for AdapterConfig::instance()
    adapter.o(.text) refers to cmduartstm32f0xx.o(.text) for CmdUart::send(unsigned char)
    adapter.o(.text) refers to ctype_o.o(.text) for __rt_ctype_table
    adapter.o(.text) refers to datacollector.o(.text) for DataCollector::putChar(char)
    adapter.o(.text) refers to system_stm32f0xx.o(.text) for SystemCoreClockUpdate
    adapter.o(.text) refers to timerstm32f0xx.o(.text) for Timer::configure()
    adapter.o(.text) refers to gpiodrvstm32f0xx.o(.text) for GPIOConfigure(unsigned)
    adapter.o(.text) refers to candriverstm32f0xx.o(.text) for CanDriver::configure()
    adapter.o(.text) refers to led.o(.text) for AdptLED::configure()
    adapter.o(.text) refers to adcstm32f0xx.o(.text) for AdcDriver::configure()
    adapter.o(.text) refers to sysutilitystm32f0xx.o(.text) for AdptPowerModeConfigure()
    adapter.o(.text) refers to dispatcher.o(.text) for AdptDispatcherInit()
    adapter.o(.text) refers to adapter.o(.data) for .data
    adapter.o(.ARM.exidx) refers to adapter.o(.text) for .text
    adapter.o(.init_array) refers to adapter.o(.text) for __sti___11_adapter_cpp_929dd7a5
    adapter.o(.init_array) refers to cpp_init.o(.text) for __cpp_initialize__aeabi_
    adapterconfig.o(.text) refers to aeabi_vec_ctor_nocookie_nodtor.o(i.__aeabi_vec_ctor_nocookie_nodtor) for __aeabi_vec_ctor_nocookie_nodtor
    adapterconfig.o(.text) refers to memseta.o(.text) for __aeabi_memclr4
    adapterconfig.o(.text) refers to cxa_guard_acquire.o(i.__cxa_guard_acquire) for __cxa_guard_acquire
    adapterconfig.o(.text) refers to llshl.o(.text) for __aeabi_llsl
    adapterconfig.o(.text) refers to memcpya.o(.text) for __aeabi_memcpy
    adapterconfig.o(.text) refers to adapterconfig.o(i._ZN9ByteArray5clearEv) for ByteArray::clear()
    adapterconfig.o(.text) refers to adapterconfig.o(i._ZN9ByteArrayC1Ev) for ByteArray::ByteArray()
    adapterconfig.o(.text) refers to adapterconfig.o(.data) for .data
    adapterconfig.o(.text) refers to adapterconfig.o(.bss) for .bss
    adapterconfig.o(.ARM.exidx) refers to adapterconfig.o(.text) for .text
    datacollector.o(.text) refers to toupper.o(.text) for toupper
    datacollector.o(.text) refers to ctype_o.o(.text) for __rt_ctype_table
    datacollector.o(.text) refers to lstring.o(.text) for util::string::operator +=(char)
    datacollector.o(.text) refers to strtoul.o(.text) for strtoul
    datacollector.o(.text) refers to array_new.o(i._Znaj) for operator new[] (unsigned)
    datacollector.o(.text) refers to cxa_guard_acquire.o(i.__cxa_guard_acquire) for __cxa_guard_acquire
    datacollector.o(.text) refers to aeabi_atexit.o(.text) for __aeabi_atexit
    datacollector.o(.text) refers to datacollector.o(.data) for .data
    datacollector.o(.text) refers to datacollector.o(.bss) for .bss
    datacollector.o(.text) refers to datacollector.o(i._ZN13DataCollectorD1Ev) for DataCollector::~DataCollector()
    datacollector.o(.ARM.exidx) refers to datacollector.o(.text) for .text
    functions.o(.text) refers to adapterconfig.o(.text) for AdapterConfig::instance()
    functions.o(.text) refers to algorithms.o(.text) for util::to_ascii(unsigned char)
    functions.o(.text) refers to lstring.o(.text) for util::string::operator +=(char)
    functions.o(.text) refers to uidiv.o(.text) for __aeabi_uidivmod
    functions.o(.text) refers to system_stm32f0xx.o(.data) for SystemCoreClock
    functions.o(.text) refers to uidiv.o(.text) for __aeabi_uidivmod
    functions.o(.text) refers to system_stm32f0xx.o(.data) for SystemCoreClock
    functions.o(.text) refers to lstring.o(.text) for util::string::operator =(const char*)
    functions.o(.text) refers to algorithms.o(.text) for util::to_ascii(unsigned char)
    functions.o(.ARM.exidx) refers to functions.o(.text) for .text
    functions.o(.ARM.exidx) refers to functions.o(.text) for .text
    functions.o(.ARM.exidx) refers to functions.o(.text) for .text
    dispatcher.o(.text) refers to adapterconfig.o(.text) for AdapterConfig::instance()
    dispatcher.o(.text) refers to lstring.o(.text) for util::string::operator +=(const char*)
    dispatcher.o(.text) refers to adapter.o(.text) for AdptSendString(const util::string&)
    dispatcher.o(.text) refers to strlen.o(.text) for strlen
    dispatcher.o(.text) refers to algorithms.o(.text) for util::stoul(const util::string&, unsigned*, int)
    dispatcher.o(.text) refers to adapterconfig.o(i._ZN9ByteArrayC1Ev) for ByteArray::ByteArray()
    dispatcher.o(.text) refers to functions.o(.text) for to_bytes(const util::string&, unsigned char*)
    dispatcher.o(.text) refers to obdprofile.o(.text) for OBDProfile::instance()
    dispatcher.o(.text) refers to sysutilitystm32f0xx.o(.text) for AdptReadSerialNum()
[...]
    ../clib/stdlib.c                         0x00000000   Number         0  aeabi_atexit.o ABSOLUTE
    ../fplib/microlib/fpadd.c                0x00000000   Number         0  dadd.o ABSOLUTE
    ../fplib/microlib/fpdiv.c                0x00000000   Number         0  ddiv.o ABSOLUTE
    ../fplib/microlib/fpepilogue.c           0x00000000   Number         0  depilogue.o ABSOLUTE
    ../fplib/microlib/fpfix.c                0x00000000   Number         0  dfixul.o ABSOLUTE
    ../fplib/microlib/fpmul.c                0x00000000   Number         0  dmul.o ABSOLUTE
    RTE\Device\STM32F042K6\startup_stm32f042.s 0x00000000   Number         0  startup_stm32f042.o ABSOLUTE
    RTE\Device\STM32F042K6\system_stm32f0xx.c 0x00000000   Number         0  system_stm32f0xx.o ABSOLUTE
    RTE\\Device\\STM32F042K6\\system_stm32f0xx.c 0x00000000   Number         0  system_stm32f0xx.o ABSOLUTE
    STM32F0xx_StdPeriph_Driver\\src\\stm32f0xx_adc.c 0x00000000   Number         0  stm32f0xx_adc.o ABSOLUTE
    STM32F0xx_StdPeriph_Driver\\src\\stm32f0xx_can.c 0x00000000   Number         0  stm32f0xx_can.o ABSOLUTE
    STM32F0xx_StdPeriph_Driver\\src\\stm32f0xx_gpio.c 0x00000000   Number         0  stm32f0xx_gpio.o ABSOLUTE
    STM32F0xx_StdPeriph_Driver\\src\\stm32f0xx_rcc.c 0x00000000   Number         0  stm32f0xx_rcc.o ABSOLUTE
    STM32F0xx_StdPeriph_Driver\\src\\stm32f0xx_tim.c 0x00000000   Number         0  stm32f0xx_tim.o ABSOLUTE
    STM32F0xx_StdPeriph_Driver\\src\\stm32f0xx_usart.c 0x00000000   Number         0  stm32f0xx_usart.o ABSOLUTE
    STM32F0xx_StdPeriph_Driver\src\stm32f0xx_adc.c 0x00000000   Number         0  stm32f0xx_adc.o ABSOLUTE
    STM32F0xx_StdPeriph_Driver\src\stm32f0xx_can.c 0x00000000   Number         0  stm32f0xx_can.o ABSOLUTE
    STM32F0xx_StdPeriph_Driver\src\stm32f0xx_gpio.c 0x00000000   Number         0  stm32f0xx_gpio.o ABSOLUTE
    STM32F0xx_StdPeriph_Driver\src\stm32f0xx_rcc.c 0x00000000   Number         0  stm32f0xx_rcc.o ABSOLUTE
    STM32F0xx_StdPeriph_Driver\src\stm32f0xx_tim.c 0x00000000   Number         0  stm32f0xx_tim.o ABSOLUTE
    STM32F0xx_StdPeriph_Driver\src\stm32f0xx_usart.c 0x00000000   Number         0  stm32f0xx_usart.o ABSOLUTE
    cdrcmple.s                               0x00000000   Number         0  cdrcmple.o ABSOLUTE
    dc.s                                     0x00000000   Number         0  dc.o ABSOLUTE
    handlers.s                               0x00000000   Number         0  handlers.o ABSOLUTE
    init.s                                   0x00000000   Number         0  init.o ABSOLUTE
    src\\adapter\\adapter.cpp                0x00000000   Number         0  adapter.o ABSOLUTE
    src\\adapter\\adapterconfig.cpp          0x00000000   Number         0  adapterconfig.o ABSOLUTE
    src\\adapter\\functions.cpp              0x00000000   Number         0  functions.o ABSOLUTE
    src\\adapter\\obd\\isocan.cpp            0x00000000   Number         0  isocan.o ABSOLUTE
    src\\drv\\stm32f0xx\\AdcSTM32F0xx.cpp    0x00000000   Number         0  adcstm32f0xx.o ABSOLUTE
    src\\drv\\stm32f0xx\\CanDriverSTM32F0xx.cpp 0x00000000   Number         0  candriverstm32f0xx.o ABSOLUTE
    src\\drv\\stm32f0xx\\CmdUartSTM32F0xx.cpp 0x00000000   Number         0  cmduartstm32f0xx.o ABSOLUTE
    src\\drv\\stm32f0xx\\GpioDrvSTM32F0xx.cpp 0x00000000   Number         0  gpiodrvstm32f0xx.o ABSOLUTE
    src\\drv\\stm32f0xx\\TimerSTM32F0xx.cpp  0x00000000   Number         0  timerstm32f0xx.o ABSOLUTE
    src\\drv\\stm32f0xx\\led.cpp             0x00000000   Number         0  led.o ABSOLUTE
    src\adapter\adapter.cpp                  0x00000000   Number         0  adapter.o ABSOLUTE
    src\adapter\adapterconfig.cpp            0x00000000   Number         0  adapterconfig.o ABSOLUTE
    src\adapter\datacollector.cpp            0x00000000   Number         0  datacollector.o ABSOLUTE
    src\adapter\dispatcher.cpp               0x00000000   Number         0  dispatcher.o ABSOLUTE
    src\adapter\functions.cpp                0x00000000   Number         0  functions.o ABSOLUTE
    src\adapter\obd\autoadapter.cpp          0x00000000   Number         0  autoadapter.o ABSOLUTE
    src\adapter\obd\canformatter.cpp         0x00000000   Number         0  canformatter.o ABSOLUTE
    src\adapter\obd\canhistory.cpp           0x00000000   Number         0  canhistory.o ABSOLUTE
    src\adapter\obd\isocan.cpp               0x00000000   Number         0  isocan.o ABSOLUTE
    src\adapter\obd\obdprofile.cpp           0x00000000   Number         0  obdprofile.o ABSOLUTE
    src\adapter\obd\padapter.cpp             0x00000000   Number         0  padapter.o ABSOLUTE
    src\drv\stm32f0xx\AdcSTM32F0xx.cpp       0x00000000   Number         0  adcstm32f0xx.o ABSOLUTE
    src\drv\stm32f0xx\CanDriverSTM32F0xx.cpp 0x00000000   Number         0  candriverstm32f0xx.o ABSOLUTE
    src\drv\stm32f0xx\CmdUartSTM32F0xx.cpp   0x00000000   Number         0  cmduartstm32f0xx.o ABSOLUTE
    src\drv\stm32f0xx\GpioDrvSTM32F0xx.cpp   0x00000000   Number         0  gpiodrvstm32f0xx.o ABSOLUTE
    src\drv\stm32f0xx\SysutilitySTM32F0xx.cpp 0x00000000   Number         0  sysutilitystm32f0xx.o ABSOLUTE
    src\drv\stm32f0xx\TimerSTM32F0xx.cpp     0x00000000   Number         0  timerstm32f0xx.o ABSOLUTE
    src\drv\stm32f0xx\led.cpp                0x00000000   Number         0  led.o ABSOLUTE
    src\util\algorithms.cpp                  0x00000000   Number         0  algorithms.o ABSOLUTE
    src\util\canmsgbuffer.cpp                0x00000000   Number         0  canmsgbuffer.o ABSOLUTE
    src\util\lstring.cpp                     0x00000000   Number         0  lstring.o ABSOLUTE
    RESET                                    0x08000000   Section      192  startup_stm32f042.o(RESET)
    .ARM.Collect$$$$00000000                 0x080000c0   Section        0  entry.o(.ARM.Collect$$$$00000000)
    .ARM.Collect$$$$00000001                 0x080000c0   Section        4  entry2.o(.ARM.Collect$$$$00000001)
    .ARM.Collect$$$$00000004                 0x080000c4   Section        4  entry5.o(.ARM.Collect$$$$00000004)
    .ARM.Collect$$$$00000008                 0x080000c8   Section        0  entry7b.o(.ARM.Collect$$$$00000008)
    .ARM.Collect$$$$00000009                 0x080000c8   Section        4  entry8a.o(.ARM.Collect$$$$00000009)
    .ARM.Collect$$$$0000000A                 0x080000cc   Section        0  entry8b.o(.ARM.Collect$$$$0000000A)
    .ARM.Collect$$$$0000000B                 0x080000cc   Section        8  entry9a.o(.ARM.Collect$$$$0000000B)
    .ARM.Collect$$$$0000000D                 0x080000d4   Section        0  entry10a.o(.ARM.Collect$$$$0000000D)
    .ARM.Collect$$$$0000000E                 0x080000d4   Section        4  entry10b.o(.ARM.Collect$$$$0000000E)
    .ARM.Collect$$$$0000000F                 0x080000d8   Section        0  entry11a.o(.ARM.Collect$$$$0000000F)
    .ARM.Collect$$$$00002712                 0x080000d8   Section        4  entry2.o(.ARM.Collect$$$$00002712)
    __lit__00000000                          0x080000d8   Data           4  entry2.o(.ARM.Collect$$$$00002712)
    .text                                    0x080000dc   Section        0  adapter.o(.text)
    [local to adapter_cpp]::UserUartRcvHandler(unsigned char) 0x080000dd   Thumb Code    96  adapter.o(.text)
    __sti___11_adapter_cpp_929dd7a5          0x08000173   Thumb Code    12  adapter.o(.text)
    [local to adapter_cpp]::AdapterRun()     0x0800017f   Thumb Code    66  adapter.o(.text)
    .text                                    0x080001c8   Section        0  adapterconfig.o(.text)
    .text                                    0x08000324   Section        0  datacollector.o(.text)
    .text                                    0x08000410   Section        0  functions.o(.text)
    .text                                    0x08000678   Section        0  dispatcher.o(.text)
    [local to dispatcher_cpp]::OnSetValueTrue(const util::string&, int) 0x080006c5   Thumb Code    24  dispatcher.o(.text)
    [local to dispatcher_cpp]::OnSetValueFalse(const util::string&, int) 0x080006dd   Thumb Code    24  dispatcher.o(.text)
    [local to dispatcher_cpp]::OnSetValueInt(const util::string&, int) 0x080006f5   Thumb Code    44  dispatcher.o(.text)
    [local to dispatcher_cpp]::OnResetBytes(const util::string&, int) 0x08000721   Thumb Code    30  dispatcher.o(.text)
    [local to dispatcher_cpp]::OnSetBytes(const util::string&, int) 0x0800073f   Thumb Code   112  dispatcher.o(.text)
    [local to dispatcher_cpp]::OnSetOK(const util::string&, int) 0x080007af   Thumb Code     4  dispatcher.o(.text)
    [local to dispatcher_cpp]::OnCanShowStatus(const util::string&, int) 0x080007b3   Thumb Code     2  dispatcher.o(.text)
    [local to dispatcher_cpp]::OnCanSetReceiveAddress(const util::string&, int) 0x080007b5   Thumb Code   122  dispatcher.o(.text)
    [local to dispatcher_cpp]::OnCanSetFlowControlMode(const util::string&, int) 0x0800082f   Thumb Code   106  dispatcher.o(.text)
    [local to dispatcher_cpp]::OnCanSetFilterAndMask(const util::string&, int) 0x08000899   Thumb Code    16  dispatcher.o(.text)
    [local to dispatcher_cpp]::OnSendReplyCopyright(const util::string&, int) 0x080008a9   Thumb Code     6  dispatcher.o(.text)
    [local to dispatcher_cpp]::OnAdapterSignature(const util::string&, int) 0x080008af   Thumb Code     6  dispatcher.o(.text)
    [local to dispatcher_cpp]::OnWiringTest(const util::string&, int) 0x080008b5   Thumb Code    12  dispatcher.o(.text)
    [local to dispatcher_cpp]::OnGetSerial(const util::string&, int) 0x080008c1   Thumb Code     8  dispatcher.o(.text)
    [local to dispatcher_cpp]::OnSendReplyVersion(const util::string&, int) 0x080008c9   Thumb Code     6  dispatcher.o(.text)
    [local to dispatcher_cpp]::OnBufferDump(const util::string&, int) 0x080008cf   Thumb Code    12  dispatcher.o(.text)
    [local to dispatcher_cpp]::OnProtocolDescribe(const util::string&, int) 0x080008db   Thumb Code    12  dispatcher.o(.text)
    [local to dispatcher_cpp]::OnProtocolDescribeNum(const util::string&, int) 0x080008e7   Thumb Code    12  dispatcher.o(.text)
    [local to dispatcher_cpp]::OnKwDisplay(const util::string&, int) 0x080008f3   Thumb Code    12  dispatcher.o(.text)
    [local to dispatcher_cpp]::OnProtocolClose(const util::string&, int) 0x080008ff   Thumb Code    18  dispatcher.o(.text)
    [local to dispatcher_cpp]::OnReadVoltage(const util::string&, int) 0x08000911   Thumb Code    58  dispatcher.o(.text)
    [local to dispatcher_cpp]::OnSetProtocol(const util::string&, int) 0x0800094b   Thumb Code   174  dispatcher.o(.text)
    [local to dispatcher_cpp]::OnSendReplyInterface(const util::string&, int) 0x080009f9   Thumb Code     6  dispatcher.o(.text)
    [local to dispatcher_cpp]::OnSet4HeaderBytes(const util::string&, int) 0x080009ff   Thumb Code   174  dispatcher.o(.text)
    [local to dispatcher_cpp]::OnCanSetTimeoutMult(const util::string&, int) 0x08000aad   Thumb Code    60  dispatcher.o(.text)
    [local to dispatcher_cpp]::SetDefault()  0x08000ae9   Thumb Code   168  dispatcher.o(.text)
    [local to dispatcher_cpp]::OnSetDefault(const util::string&, int) 0x08000b91   Thumb Code    16  dispatcher.o(.text)
    [local to dispatcher_cpp]::OnReset(const util::string&, int) 0x08000ba1   Thumb Code    16  dispatcher.o(.text)
    [local to dispatcher_cpp]::DispatchATCmd(const util::string&, int, bool) 0x08000bb1   Thumb Code   166  dispatcher.o(.text)
    [local to dispatcher_cpp]::ParseSTCmd(const util::string&) 0x08000d7f   Thumb Code   108  dispatcher.o(.text)
    .text                                    0x08000e30   Section        0  adcstm32f0xx.o(.text)
    .text                                    0x08000ecc   Section        0  candriverstm32f0xx.o(.text)
    [local to CanDriverSTM32F0xx_cpp]::configureCANPins() 0x08001145   Thumb Code    34  candriverstm32f0xx.o(.text)
    .text                                    0x08001188   Section        0  cmduartstm32f0xx.o(.text)
    .text                                    0x08001380   Section        0  sysutilitystm32f0xx.o(.text)
    [local to SysutilitySTM32F0xx_cpp]::UIDToString(unsigned*) 0x0800139b   Thumb Code    90  sysutilitystm32f0xx.o(.text)
    .text                                    0x080013f8   Section        0  gpiodrvstm32f0xx.o(.text)
    .text                                    0x08001484   Section        0  timerstm32f0xx.o(.text)
    __sti___18_TimerSTM32F0xx_cpp_ac46811a   0x080015c9   Thumb Code    20  timerstm32f0xx.o(.text)
    .text                                    0x080015f4   Section        0  led.o(.text)
    .text                                    0x080016d8   Section        0  stm32f0xx_gpio.o(.text)
    .text                                    0x08001768   Section        0  stm32f0xx_rcc.o(.text)
    .text                                    0x080018d4   Section        0  stm32f0xx_tim.o(.text)
    .text                                    0x08001948   Section        0  stm32f0xx_usart.o(.text)
    .text                                    0x08001a0c   Section        0  stm32f0xx_can.o(.text)
    .text                                    0x08001c38   Section        0  stm32f0xx_adc.o(.text)
    .text                                    0x08001cf4   Section        0  autoadapter.o(.text)
    .text                                    0x08001d7c   Section        0  canformatter.o(.text)
    .text                                    0x0800204c   Section        0  canhistory.o(.text)
    .text                                    0x08002174   Section        0  isocan.o(.text)
    .text                                    0x08002ad0   Section        0  obdprofile.o(.text)
    .text                                    0x08002cc0   Section        0  padapter.o(.text)
    .text                                    0x08002d98   Section        0  algorithms.o(.text)
    .text                                    0x08002dd8   Section        0  canmsgbuffer.o(.text)
    .text                                    0x08002e1c   Section        0  lstring.o(.text)
    .text                                    0x08003098   Section       88  startup_stm32f042.o(.text)
    .text                                    0x080030f0   Section        0  system_stm32f0xx.o(.text)
    SetSysClock                              0x080031a1   Thumb Code    78  system_stm32f0xx.o(.text)
    .text                                    0x0800320c   Section        0  uidiv.o(.text)
    .text                                    0x08003238   Section        0  idiv.o(.text)
    .text                                    0x08003260   Section        0  llshl.o(.text)
    .text                                    0x08003280   Section        0  ctype_o.o(.text)
    .text                                    0x08003288   Section        0  toupper.o(.text)
    .text                                    0x08003294   Section        0  memcpya.o(.text)
    .text                                    0x080032b8   Section        0  memseta.o(.text)
    .text                                    0x080032dc   Section        0  strlen.o(.text)
    .text                                    0x080032ea   Section        0  strcmp.o(.text)
    .text                                    0x08003306   Section        0  strcpy.o(.text)
    .text                                    0x08003318   Section        0  strtoul.o(.text)
    .text                                    0x08003390   Section        0  cpp_init.o(.text)
    .text                                    0x080033b0   Section        0  aeabi_atexit.o(.text)
    .text                                    0x080033da   Section        0  arm_newhandler_noexceptions.o(.text)
    .text                                    0x080033e2   Section        0  uldiv.o(.text)
    .text                                    0x08003442   Section        0  _strtoul.o(.text)
    .text                                    0x080034e8   Section        0  cpp_dtor.o(.text)
    .text                                    0x080034f0   Section        0  cpp_memory.o(.text)
    .text                                    0x08003504   Section        0  cxa_finalize.o(.text)
    .text                                    0x08003546   Section        0  arm_exceptions_terminate.o(.text)
    .text                                    0x08003564   Section        0  arm_exceptions_globs.o(.text)
    [local to arm_exceptions_c]::__default_terminate_handler() 0x08003565   Thumb Code     6  arm_exceptions_globs.o(.text)
    .text                                    0x080035b8   Section       36  init.o(.text)
    .text                                    0x080035dc   Section        0  llushr.o(.text)
    .text                                    0x080035fe   Section        0  _chval.o(.text)
    .text                                    0x0800361c   Section        0  cpp_final.o(.text)
    .text                                    0x0800361e   Section        0  arm_exceptions_mem.o(.text)
    i._ZN11AutoAdapter11wiringCheckEv        0x08003660   Section        0  autoadapter.o(i._ZN11AutoAdapter11wiringCheckEv)
    i._ZN11AutoAdapter12onConnectEcuEv       0x08003662   Section        0  autoadapter.o(i._ZN11AutoAdapter12onConnectEcuEv)
    i._ZN13DataCollectorD1Ev                 0x08003666   Section        0  datacollector.o(i._ZN13DataCollectorD1Ev)
    i._ZN15ProtocolAdapter10dumpBufferEv     0x0800366e   Section        0  autoadapter.o(i._ZN15ProtocolAdapter10dumpBufferEv)
    i._ZN15ProtocolAdapter16setFilterAndMaskEv 0x08003670   Section        0  autoadapter.o(i._ZN15ProtocolAdapter16setFilterAndMaskEv)
    i._ZN15ProtocolAdapter4openEv            0x08003672   Section        0  autoadapter.o(i._ZN15ProtocolAdapter4openEv)
    i._ZN7CmdUartD1Ev                        0x08003678   Section        0  cmduartstm32f0xx.o(i._ZN7CmdUartD1Ev)
    i._ZN8MsgEntryC1Ev                       0x08003688   Section        0  isocan.o(i._ZN8MsgEntryC1Ev)
    i._ZN9ByteArray5clearEv                  0x0800369a   Section        0  adapterconfig.o(i._ZN9ByteArray5clearEv)
    i._ZN9ByteArrayC1Ev                      0x080036a8   Section        0  adapterconfig.o(i._ZN9ByteArrayC1Ev)
    i._ZNK11AutoAdapter11getProtocolEv       0x080036b4   Section        0  autoadapter.o(i._ZNK11AutoAdapter11getProtocolEv)
    i._ZNK15IsoCan29Adapter11getProtocolEv   0x080036b8   Section        0  isocan.o(i._ZNK15IsoCan29Adapter11getProtocolEv)
    i._ZNK9ByteArray7asCanIdEv               0x080036bc   Section        0  isocan.o(i._ZNK9ByteArray7asCanIdEv)
    i._ZdaPv                                 0x080036f4   Section        0  array_del.o(i._ZdaPv)
    i._ZdlPv                                 0x080036fc   Section        0  delete.o(i._ZdlPv)
    i._Znaj                                  0x08003704   Section        0  array_new.o(i._Znaj)
    i._Znwj                                  0x0800370c   Section        0  new.o(i._Znwj)
    i.__0sprintf$8                           0x08003734   Section        0  printf8.o(i.__0sprintf$8)
    i.__ARM_common_switch8                   0x0800375c   Section        0  obdprofile.o(i.__ARM_common_switch8)
    i.__aeabi_errno_addr                     0x08003778   Section        0  errno.o(i.__aeabi_errno_addr)
    i.__aeabi_vec_ctor_nocookie_nodtor       0x08003780   Section        0  aeabi_vec_ctor_nocookie_nodtor.o(i.__aeabi_vec_ctor_nocookie_nodtor)
    i.__cxa_guard_acquire                    0x080037a2   Section        0  cxa_guard_acquire.o(i.__cxa_guard_acquire)
    i.__cxa_pure_virtual                     0x080037b4   Section        0  pure_virt.o(i.__cxa_pure_virtual)
    i.__scatterload_copy                     0x080037be   Section       14  handlers.o(i.__scatterload_copy)
    i.__scatterload_null                     0x080037cc   Section        2  handlers.o(i.__scatterload_null)
    i.__scatterload_zeroinit                 0x080037ce   Section       14  handlers.o(i.__scatterload_zeroinit)
    i._printf_core                           0x080037dc   Section        0  printf8.o(i._printf_core)
    _printf_core                             0x080037dd   Thumb Code  1020  printf8.o(i._printf_core)
    i._printf_post_padding                   0x08003c04   Section        0  printf8.o(i._printf_post_padding)
    _printf_post_padding                     0x08003c05   Thumb Code    32  printf8.o(i._printf_post_padding)
    i._printf_pre_padding                    0x08003c24   Section        0  printf8.o(i._printf_pre_padding)
    _printf_pre_padding                      0x08003c25   Thumb Code    44  printf8.o(i._printf_pre_padding)
    i._sputc                                 0x08003c50   Section        0  printf8.o(i._sputc)
    _sputc                                   0x08003c51   Thumb Code    10  printf8.o(i._sputc)
    i.free                                   0x08003c5c   Section        0  malloc.o(i.free)
    i.malloc                                 0x08003cb0   Section        0  malloc.o(i.malloc)
    .constdata                               0x08003d1c   Section     1472  dispatcher.o(.constdata)
    ErrMessage                               0x08003d1c   Data           2  dispatcher.o(.constdata)
    OkMessage                                0x08003d1e   Data           3  dispatcher.o(.constdata)
    Version                                  0x08003d21   Data           5  dispatcher.o(.constdata)
    Signature                                0x08003d26   Data           5  dispatcher.o(.constdata)
    Interface                                0x08003d2b   Data          12  dispatcher.o(.constdata)
    Copyright                                0x08003d37   Data          36  dispatcher.o(.constdata)
    dispatchTbl                              0x08003d5c   Data        1408  dispatcher.o(.constdata)
    .constdata                               0x080042dc   Section       20  gpiodrvstm32f0xx.o(.constdata)
    GPIOPtr                                  0x080042dc   Data          20  gpiodrvstm32f0xx.o(.constdata)
    .constdata                               0x080042f0   Section       99  obdprofile.o(.constdata)
    ErrMessage                               0x080042f0   Data           2  obdprofile.o(.constdata)
    Err3Message                              0x080042f2   Data           6  obdprofile.o(.constdata)
    Err2Message                              0x080042f8   Data           8  obdprofile.o(.constdata)
    Err1Message                              0x08004300   Data          11  obdprofile.o(.constdata)
    Err4Message                              0x0800430b   Data          18  obdprofile.o(.constdata)
    Err5Message                              0x0800431d   Data           9  obdprofile.o(.constdata)
    Err6Message                              0x08004326   Data           9  obdprofile.o(.constdata)
    Err7Message                              0x0800432f   Data          10  obdprofile.o(.constdata)
    Err8Message                              0x08004339   Data          12  obdprofile.o(.constdata)
    Err0Message                              0x08004345   Data          14  obdprofile.o(.constdata)
    .constdata                               0x08004353   Section      129  ctype_o.o(.constdata)
    .constdata                               0x080043d4   Section        4  ctype_o.o(.constdata)
    table                                    0x080043d4   Data           4  ctype_o.o(.constdata)
    .constdata__ZTV11AutoAdapter             0x080043d8   Section       64  autoadapter.o(.constdata__ZTV11AutoAdapter)
    .constdata__ZTV13IsoCanAdapter           0x08004418   Section       76  isocan.o(.constdata__ZTV13IsoCanAdapter)
    .constdata__ZTV15IsoCan11Adapter         0x08004464   Section       76  isocan.o(.constdata__ZTV15IsoCan11Adapter)
    .constdata__ZTV15IsoCan29Adapter         0x080044b0   Section       76  isocan.o(.constdata__ZTV15IsoCan29Adapter)
    .constdata__ZTV15ProtocolAdapter         0x080044fc   Section       64  padapter.o(.constdata__ZTV15ProtocolAdapter)
    .conststring                             0x0800453c   Section      362  dispatcher.o(.conststring)
    .init_array                              0x080046c8   Section        4  adapter.o(.init_array)
    .init_array                              0x080046cc   Section        4  timerstm32f0xx.o(.init_array)
    .init_array                              0x080046d0   Section        0  cpp_init.o(.init_array)
    .data                                    0x20000000   Section        8  adapter.o(.data)
    glblUart                                 0x20000000   Data           4  adapter.o(.data)
    collector                                0x20000004   Data           4  adapter.o(.data)
    .data                                    0x20000008   Section        4  adapterconfig.o(.data)
    _ZGV_ZZN13AdapterConfig8instanceEvE8instance 0x20000008   Data           4  adapterconfig.o(.data)
    .data                                    0x2000000c   Section        4  datacollector.o(.data)
    _ZGV_ZZN13DataCollector8instanceEvE8instance 0x2000000c   Data           4  datacollector.o(.data)
    .data                                    0x20000010   Section        4  adcstm32f0xx.o(.data)
    .data                                    0x20000014   Section       20  candriverstm32f0xx.o(.data)
    CanDriver::instance()::instance          0x20000014   Data           1  candriverstm32f0xx.o(.data)
    _ZGV_ZZN9CanDriver8instanceEvE8instance  0x20000018   Data           4  candriverstm32f0xx.o(.data)
    RxFifoFlag                               0x2000001c   Data           4  candriverstm32f0xx.o(.data)
    FifoReadPos                              0x20000020   Data           4  candriverstm32f0xx.o(.data)
    FifoWritePos                             0x20000024   Data           4  candriverstm32f0xx.o(.data)
    .data                                    0x20000028   Section        4  cmduartstm32f0xx.o(.data)
    _ZGV_ZZN7CmdUart8instanceEvE8instance    0x20000028   Data           4  cmduartstm32f0xx.o(.data)
    .data                                    0x2000002c   Section       44  timerstm32f0xx.o(.data)
    tickDiv                                  0x2000002c   Data           2  timerstm32f0xx.o(.data)
    _ZGV_ZZN5Timer8instanceEiE6timer1        0x20000030   Data           4  timerstm32f0xx.o(.data)
    _ZGV_ZZN5Timer8instanceEiE6timer0        0x20000034   Data           4  timerstm32f0xx.o(.data)
    Timer::instance(int)::timer0             0x20000038   Data           4  timerstm32f0xx.o(.data)
    Timer::instance(int)::timer1             0x2000003c   Data           4  timerstm32f0xx.o(.data)
    _ZGV_ZZN9LongTimer8instanceEvE5timer     0x20000040   Data           4  timerstm32f0xx.o(.data)
    LongTimer::instance()::timer             0x20000044   Data           4  timerstm32f0xx.o(.data)
    irqCallback                              0x20000048   Data           4  timerstm32f0xx.o(.data)
    TimerPtr                                 0x2000004c   Data          12  timerstm32f0xx.o(.data)
    .data                                    0x20000058   Section       16  led.o(.data)
    _ZGV_ZZN7AdptLED8instanceEvE8instance    0x20000058   Data           4  led.o(.data)
    AdptLED::instance()::instance            0x2000005c   Data           4  led.o(.data)
    .data                                    0x20000068   Section       16  stm32f0xx_rcc.o(.data)
    APBAHBPrescTable                         0x20000068   Data          16  stm32f0xx_rcc.o(.data)
    .data                                    0x20000078   Section        8  obdprofile.o(.data)
    _ZGV_ZZN10OBDProfile8instanceEvE10obdProfile 0x20000078   Data           4  obdprofile.o(.data)
    OBDProfile::instance()::obdProfile       0x2000007c   Data           4  obdprofile.o(.data)
    .data                                    0x20000080   Section       12  padapter.o(.data)
    _ZGV_ZZN15ProtocolAdapter10getAdapterEiE13canExtAdapter 0x20000080   Data           4  padapter.o(.data)
    _ZGV_ZZN15ProtocolAdapter10getAdapterEiE10canAdapter 0x20000084   Data           4  padapter.o(.data)
    _ZGV_ZZN15ProtocolAdapter10getAdapterEiE11autoAdapter 0x20000088   Data           4  padapter.o(.data)
    .data                                    0x2000008c   Section        4  lstring.o(.data)
    mcount                                   0x2000008c   Data           4  lstring.o(.data)
    .data                                    0x20000090   Section       20  system_stm32f0xx.o(.data)
    .data                                    0x200000a4   Section        4  errno.o(.data)
    _errno                                   0x200000a4   Data           4  errno.o(.data)
    .data                                    0x200000a8   Section        4  cpp_dtor.o(.data)
    ddtor_pointer                            0x200000a8   Data           4  cpp_dtor.o(.data)
    .data                                    0x200000ac   Section       12  cpp_memory.o(.data)
    handler_pointer                          0x200000ac   Data           4  cpp_memory.o(.data)
    eh                                       0x200000b0   Data           4  cpp_memory.o(.data)
    eh_p                                     0x200000b4   Data           4  cpp_memory.o(.data)
    .data                                    0x200000b8   Section        4  mvars.o(.data)
    .data                                    0x200000bc   Section        4  mvars.o(.data)
    .bss                                     0x200000c0   Section      168  adapterconfig.o(.bss)
    AdapterConfig::instance()::instance      0x200000c0   Data         168  adapterconfig.o(.bss)
    .bss                                     0x20000168   Section       16  datacollector.o(.bss)
    DataCollector::instance()::instance      0x20000168   Data          16  datacollector.o(.bss)
    .bss                                     0x20000178   Section      200  candriverstm32f0xx.o(.bss)
    RxFifo                                   0x20000178   Data         200  candriverstm32f0xx.o(.bss)
    .bss                                     0x20000240   Section      800  cmduartstm32f0xx.o(.bss)
    CmdUart::instance()::instance            0x20000240   Data         800  cmduartstm32f0xx.o(.bss)
    .bss                                     0x20000560   Section       92  padapter.o(.bss)
    ProtocolAdapter::getAdapter(int)::autoAdapter 0x20000560   Data          20  padapter.o(.bss)
    ProtocolAdapter::getAdapter(int)::canAdapter 0x20000574   Data          36  padapter.o(.bss)
    ProtocolAdapter::getAdapter(int)::canExtAdapter 0x20000598   Data          36  padapter.o(.bss)
    HEAP                                     0x200005c0   Section     3328  startup_stm32f042.o(HEAP)
    STACK                                    0x200012c0   Section     1024  startup_stm32f042.o(STACK)

    Global Symbols

    Symbol Name                              Value     Ov Type        Size  Object(Section)

    BuildAttributes$$THM_ISAv3M$S$PE$A:L22$X:L11$S22$IEEE1$IW$USESV6$~STKCKD$USESV7$~SHL$OSPACE$ROPI$EBA8$UX$MICROLIB$REQ8$PRES8$EABIv2 0x00000000   Number         0  anon$$obj.o ABSOLUTE
    __ARM_use_no_argv                        0x00000000   Number         0  adapter.o ABSOLUTE
    _printf_a                                0x00000000   Number         0  stubs.o ABSOLUTE
    _printf_c                                0x00000000   Number         0  stubs.o ABSOLUTE
    _printf_charcount                        0x00000000   Number         0  stubs.o ABSOLUTE
    _printf_d                                0x00000000   Number         0  stubs.o ABSOLUTE
    _printf_e                                0x00000000   Number         0  stubs.o ABSOLUTE
    _printf_f                                0x00000000   Number         0  stubs.o ABSOLUTE
    _printf_flags                            0x00000000   Number         0  stubs.o ABSOLUTE
    _printf_fp_dec                           0x00000000   Number         0  stubs.o ABSOLUTE
    _printf_fp_hex                           0x00000000   Number         0  stubs.o ABSOLUTE
    _printf_g                                0x00000000   Number         0  stubs.o ABSOLUTE
    _printf_i                                0x00000000   Number         0  stubs.o ABSOLUTE
    _printf_int_dec                          0x00000000   Number         0  stubs.o ABSOLUTE
    _printf_l                                0x00000000   Number         0  stubs.o ABSOLUTE
    _printf_lc                               0x00000000   Number         0  stubs.o ABSOLUTE
    _printf_ll                               0x00000000   Number         0  stubs.o ABSOLUTE
    _printf_lld                              0x00000000   Number         0  stubs.o ABSOLUTE
    _printf_lli                              0x00000000   Number         0  stubs.o ABSOLUTE
    _printf_llo                              0x00000000   Number         0  stubs.o ABSOLUTE
    _printf_llu                              0x00000000   Number         0  stubs.o ABSOLUTE
    _printf_llx                              0x00000000   Number         0  stubs.o ABSOLUTE
    _printf_longlong_dec                     0x00000000   Number         0  stubs.o ABSOLUTE
    _printf_longlong_hex                     0x00000000   Number         0  stubs.o ABSOLUTE
    _printf_longlong_oct                     0x00000000   Number         0  stubs.o ABSOLUTE
    _printf_ls                               0x00000000   Number         0  stubs.o ABSOLUTE
    _printf_mbtowc                           0x00000000   Number         0  stubs.o ABSOLUTE
    _printf_n                                0x00000000   Number         0  stubs.o ABSOLUTE
    _printf_o                                0x00000000   Number         0  stubs.o ABSOLUTE
    _printf_p                                0x00000000   Number         0  stubs.o ABSOLUTE
    _printf_percent                          0x00000000   Number         0  stubs.o ABSOLUTE
    _printf_pre_padding                      0x00000000   Number         0  stubs.o ABSOLUTE
    _printf_return_value                     0x00000000   Number         0  stubs.o ABSOLUTE
    _printf_s                                0x00000000   Number         0  stubs.o ABSOLUTE
    _printf_sizespec                         0x00000000   Number         0  stubs.o ABSOLUTE
    _printf_str                              0x00000000   Number         0  stubs.o ABSOLUTE
    _printf_truncate_signed                  0x00000000   Number         0  stubs.o ABSOLUTE
    _printf_truncate_unsigned                0x00000000   Number         0  stubs.o ABSOLUTE
    _printf_u                                0x00000000   Number         0  stubs.o ABSOLUTE
    _printf_wc                               0x00000000   Number         0  stubs.o ABSOLUTE
    _printf_wctomb                           0x00000000   Number         0  stubs.o ABSOLUTE
    _printf_widthprec                        0x00000000   Number         0  stubs.o ABSOLUTE
    _printf_x                                0x00000000   Number         0  stubs.o ABSOLUTE
    SHT$$ARM_EXIDX$$Base                      - Undefined Reference
    SHT$$ARM_EXIDX$$Limit                     - Undefined Reference
    __ARM::default_unexpected_handler()       - Undefined Weak Reference
    __ARM_exceptions_buffer_required          - Undefined Weak Reference
    __aeabi_unwind_cpp_pr1                    - Undefined Weak Reference
    __aeabi_unwind_cpp_pr2                    - Undefined Weak Reference
    __cxa_begin_cleanup                       - Undefined Weak Reference
    __cxa_type_match                          - Undefined Weak Reference
    __decompress                              - Undefined Weak Reference
    _clock_init                               - Undefined Weak Reference
    _microlib_exit                            - Undefined Weak Reference
    __Vectors_Size                           0x000000c0   Number         0  startup_stm32f042.o ABSOLUTE
    __Vectors                                0x08000000   Data           4  startup_stm32f042.o(RESET)
    __dso_handle                             0x08000000   Number         0  startup_stm32f042.o(RESET)
    __Vectors_End                            0x080000c0   Data           0  startup_stm32f042.o(RESET)
    __main                                   0x080000c1   Thumb Code     0  entry.o(.ARM.Collect$$$$00000000)
    _main_stk                                0x080000c1   Thumb Code     0  entry2.o(.ARM.Collect$$$$00000001)
    _main_scatterload                        0x080000c5   Thumb Code     0  entry5.o(.ARM.Collect$$$$00000004)
    __main_after_scatterload                 0x080000c9   Thumb Code     0  entry5.o(.ARM.Collect$$$$00000004)
    _main_clock                              0x080000c9   Thumb Code     0  entry7b.o(.ARM.Collect$$$$00000008)
    _main_cpp_init$empty                     0x080000c9   Thumb Code     0  entry8a.o(.ARM.Collect$$$$00000009)
    _main_cpp_init                           0x080000cd   Thumb Code     0  entry8b.o(.ARM.Collect$$$$0000000A)
    _main_init                               0x080000cd   Thumb Code     0  entry9a.o(.ARM.Collect$$$$0000000B)
    __rt_final_cpp                           0x080000d5   Thumb Code     0  entry10a.o(.ARM.Collect$$$$0000000D)
    __rt_final_cpp$nonempty                  0x080000d5   Thumb Code     0  entry10b.o(.ARM.Collect$$$$0000000E)
    __rt_final_exit                          0x080000d9   Thumb Code     0  entry11a.o(.ARM.Collect$$$$0000000F)
    AdptSendString(const util::string&)      0x0800013d   Thumb Code    14  adapter.o(.text)
    main                                     0x0800014b   Thumb Code    40  adapter.o(.text)
    AdapterConfig::AdapterConfig()           0x080001c9   Thumb Code    36  adapterconfig.o(.text)
    AdapterConfig::AdapterConfig__sub_object() 0x080001c9   Thumb Code     0  adapterconfig.o(.text)
    AdapterConfig::instance()                0x080001ed   Thumb Code    36  adapterconfig.o(.text)
    AdapterConfig::setBoolProperty(int, bool) 0x08000211   Thumb Code    54  adapterconfig.o(.text)
    AdapterConfig::getBoolProperty(int) const 0x08000247   Thumb Code    44  adapterconfig.o(.text)
    AdapterConfig::setIntProperty(int, unsigned) 0x08000273   Thumb Code    24  adapterconfig.o(.text)
    AdapterConfig::getIntProperty(int) const 0x0800028b   Thumb Code    26  adapterconfig.o(.text)
    AdapterConfig::setBytesProperty(int, const ByteArray*) 0x080002a5   Thumb Code    34  adapterconfig.o(.text)
    AdapterConfig::getBytesProperty(int) const 0x080002c7   Thumb Code    24  adapterconfig.o(.text)
    AdapterConfig::clear()                   0x080002df   Thumb Code    58  adapterconfig.o(.text)
    DataCollector::putChar(char)             0x08000325   Thumb Code   124  datacollector.o(.text)
    DataCollector::reset()                   0x080003a1   Thumb Code    20  datacollector.o(.text)
    DataCollector::DataCollector()           0x080003b5   Thumb Code    32  datacollector.o(.text)
    DataCollector::DataCollector__sub_object() 0x080003b5   Thumb Code     0  datacollector.o(.text)
    DataCollector::instance()                0x080003d5   Thumb Code    44  datacollector.o(.text)
    CanIDToString(unsigned, util::string&, bool) 0x08000411   Thumb Code   228  functions.o(.text)
    Delay1ms(unsigned)                       0x080004f5   Thumb Code    42  functions.o(.text)
    Delay1us(unsigned)                       0x0800051f   Thumb Code    40  functions.o(.text)
    to_bytes(const util::string&, unsigned char*) 0x08000547   Thumb Code    80  functions.o(.text)
    to_ascii(const unsigned char*, unsigned, util::string&) 0x08000597   Thumb Code    76  functions.o(.text)
    AutoReceiveParse(const util::string&, unsigned&, unsigned&) 0x080005e3   Thumb Code   136  functions.o(.text)
    AdptSendReply(util::string&)             0x08000679   Thumb Code    38  dispatcher.o(.text)
    AdptSendReply(const char*)               0x0800069f   Thumb Code    38  dispatcher.o(.text)
    AdptOnCmd(const DataCollector*)          0x08000c57   Thumb Code   212  dispatcher.o(.text)
    AdptDispatcherInit()                     0x08000d2b   Thumb Code    48  dispatcher.o(.text)
    AdptSendReply(const util::string&)       0x08000d5b   Thumb Code    36  dispatcher.o(.text)
    AdcDriver::configure()                   0x08000e31   Thumb Code    86  adcstm32f0xx.o(.text)
    AdcDriver::read()                        0x08000e87   Thumb Code    62  adcstm32f0xx.o(.text)
    CEC_CAN_IRQHandler                       0x08000ecd   Thumb Code    60  candriverstm32f0xx.o(.text)
    CanDriver::CanDriver()                   0x08000f09   Thumb Code    22  candriverstm32f0xx.o(.text)
    CanDriver::CanDriver__sub_object()       0x08000f09   Thumb Code     0  candriverstm32f0xx.o(.text)
    CanDriver::instance()                    0x08000f1f   Thumb Code    40  candriverstm32f0xx.o(.text)
    CanDriver::configure()                   0x08000f47   Thumb Code   128  candriverstm32f0xx.o(.text)
    CanDriver::send(const CanMsgBuffer*)     0x08000fc7   Thumb Code    98  candriverstm32f0xx.o(.text)
    CanDriver::setFilterAndMask(unsigned, unsigned, bool) 0x08001029   Thumb Code    90  candriverstm32f0xx.o(.text)
    CanDriver::isReady() const               0x08001083   Thumb Code    12  candriverstm32f0xx.o(.text)
    CanDriver::read(CanMsgBuffer*)           0x0800108f   Thumb Code   122  candriverstm32f0xx.o(.text)
    CanDriver::setBitBang(bool)              0x08001109   Thumb Code    34  candriverstm32f0xx.o(.text)
    CanDriver::setBit(unsigned)              0x0800112b   Thumb Code    14  candriverstm32f0xx.o(.text)
    CanDriver::getBit()                      0x08001139   Thumb Code    12  candriverstm32f0xx.o(.text)
    CmdUart::CmdUart()                       0x08001189   Thumb Code    34  cmduartstm32f0xx.o(.text)
    CmdUart::CmdUart__sub_object()           0x08001189   Thumb Code     0  cmduartstm32f0xx.o(.text)
    CmdUart::instance()                      0x080011ab   Thumb Code    44  cmduartstm32f0xx.o(.text)
    CmdUart::rxIrqHandler()                  0x080011d7   Thumb Code    28  cmduartstm32f0xx.o(.text)
    CmdUart::txIrqHandler()                  0x080011f3   Thumb Code    58  cmduartstm32f0xx.o(.text)
    CmdUart::irqHandler()                    0x0800122d   Thumb Code    48  cmduartstm32f0xx.o(.text)
    USART2_IRQHandler                        0x0800125d   Thumb Code    12  cmduartstm32f0xx.o(.text)
    CmdUart::configure()                     0x08001269   Thumb Code    72  cmduartstm32f0xx.o(.text)
    CmdUart::init(unsigned)                  0x080012b1   Thumb Code    82  cmduartstm32f0xx.o(.text)
    CmdUart::send(unsigned char)             0x08001303   Thumb Code    16  cmduartstm32f0xx.o(.text)
    CmdUart::send(const util::string&)       0x08001313   Thumb Code    68  cmduartstm32f0xx.o(.text)
    AdptReadSerialNum()                      0x08001381   Thumb Code    24  sysutilitystm32f0xx.o(.text)
    AdptPowerModeConfigure()                 0x08001399   Thumb Code     2  sysutilitystm32f0xx.o(.text)
    GPIOConfigure(unsigned)                  0x080013f9   Thumb Code    16  gpiodrvstm32f0xx.o(.text)
    GPIOSetDir(unsigned, unsigned, unsigned) 0x08001409   Thumb Code    72  gpiodrvstm32f0xx.o(.text)
    GPIOPinWrite(unsigned, unsigned, unsigned) 0x08001451   Thumb Code    22  gpiodrvstm32f0xx.o(.text)
    GPIOPinRead(unsigned, unsigned)          0x08001467   Thumb Code    20  gpiodrvstm32f0xx.o(.text)
    TIM16_IRQHandler                         0x08001485   Thumb Code    28  timerstm32f0xx.o(.text)
    Timer::configure()                       0x080014a1   Thumb Code    36  timerstm32f0xx.o(.text)
    Timer::Timer(int)                        0x080014c5   Thumb Code    50  timerstm32f0xx.o(.text)
    Timer::Timer__sub_object(int)            0x080014c5   Thumb Code     0  timerstm32f0xx.o(.text)
    Timer::instance(int)                     0x080014f7   Thumb Code   102  timerstm32f0xx.o(.text)
    Timer::start(unsigned)                   0x0800155d   Thumb Code    26  timerstm32f0xx.o(.text)
    Timer::isExpired() const                 0x08001577   Thumb Code    10  timerstm32f0xx.o(.text)
    PeriodicTimer::PeriodicTimer(void(*)())  0x08001581   Thumb Code    52  timerstm32f0xx.o(.text)
    PeriodicTimer::PeriodicTimer__sub_object(void(*)()) 0x08001581   Thumb Code     0  timerstm32f0xx.o(.text)
    PeriodicTimer::start(unsigned)           0x080015b5   Thumb Code    20  timerstm32f0xx.o(.text)
    AdptLED::configure()                     0x080015f5   Thumb Code    52  led.o(.text)
    AdptLED::TimerCallback()                 0x08001629   Thumb Code    54  led.o(.text)
    AdptLED::AdptLED()                       0x0800165f   Thumb Code    22  led.o(.text)
    AdptLED::AdptLED__sub_object()           0x0800165f   Thumb Code     0  led.o(.text)
    AdptLED::instance()                      0x08001675   Thumb Code    40  led.o(.text)
    AdptLED::startTimer()                    0x0800169d   Thumb Code    12  led.o(.text)
    AdptLED::blinkTx()                       0x080016a9   Thumb Code    20  led.o(.text)
    AdptLED::blinkRx()                       0x080016bd   Thumb Code    20  led.o(.text)
    GPIO_Init                                0x080016d9   Thumb Code   112  stm32f0xx_gpio.o(.text)
    GPIO_PinAFConfig                         0x08001749   Thumb Code    32  stm32f0xx_gpio.o(.text)
    RCC_PCLKConfig                           0x08001769   Thumb Code    16  stm32f0xx_rcc.o(.text)
    RCC_GetClocksFreq                        0x08001779   Thumb Code   284  stm32f0xx_rcc.o(.text)
    RCC_APB2PeriphClockCmd                   0x08001895   Thumb Code    18  stm32f0xx_rcc.o(.text)
    RCC_APB1PeriphResetCmd                   0x080018a7   Thumb Code    18  stm32f0xx_rcc.o(.text)
    TIM_TimeBaseInit                         0x080018d5   Thumb Code    88  stm32f0xx_tim.o(.text)
    USART_Init                               0x08001949   Thumb Code   138  stm32f0xx_usart.o(.text)
    USART_ITConfig                           0x080019d3   Thumb Code    42  stm32f0xx_usart.o(.text)
    CAN_DeInit                               0x08001a0d   Thumb Code    22  stm32f0xx_can.o(.text)
    CAN_Init                                 0x08001a23   Thumb Code   218  stm32f0xx_can.o(.text)
    CAN_StructInit                           0x08001afd   Thumb Code    32  stm32f0xx_can.o(.text)
    CAN_Transmit                             0x08001b1d   Thumb Code   142  stm32f0xx_can.o(.text)
    CAN_Receive                              0x08001bab   Thumb Code   120  stm32f0xx_can.o(.text)
    CAN_ITConfig                             0x08001c23   Thumb Code    16  stm32f0xx_can.o(.text)
    ADC_Init                                 0x08001c39   Thumb Code    38  stm32f0xx_adc.o(.text)
    ADC_StructInit                           0x08001c5f   Thumb Code    16  stm32f0xx_adc.o(.text)
    ADC_Cmd                                  0x08001c6f   Thumb Code    18  stm32f0xx_adc.o(.text)
    ADC_ChannelConfig                        0x08001c81   Thumb Code    10  stm32f0xx_adc.o(.text)
    ADC_GetCalibrationFactor                 0x08001c8b   Thumb Code    46  stm32f0xx_adc.o(.text)
    ADC_StopOfConversion                     0x08001cb9   Thumb Code    10  stm32f0xx_adc.o(.text)
    ADC_StartOfConversion                    0x08001cc3   Thumb Code    10  stm32f0xx_adc.o(.text)
    ADC_GetConversionValue                   0x08001ccd   Thumb Code     6  stm32f0xx_adc.o(.text)
    ADC_GetFlagStatus                        0x08001cd3   Thumb Code    28  stm32f0xx_adc.o(.text)
    AutoAdapter::doConnect(int, bool)        0x08001cf5   Thumb Code    38  autoadapter.o(.text)
    AutoAdapter::onTryConnectEcu(bool)       0x08001d1b   Thumb Code    42  autoadapter.o(.text)
    AutoAdapter::onRequest(const unsigned char*, int) 0x08001d45   Thumb Code     4  autoadapter.o(.text)
    AutoAdapter::getDescription()            0x08001d49   Thumb Code    10  autoadapter.o(.text)
    AutoAdapter::getDescriptionNum()         0x08001d53   Thumb Code    26  autoadapter.o(.text)
    CanReplyFormatter::CanReplyFormatter()   0x08001d7d   Thumb Code    14  canformatter.o(.text)
    CanReplyFormatter::CanReplyFormatter__sub_object() 0x08001d7d   Thumb Code     0  canformatter.o(.text)
    CanReplyFormatter::replyCAF0(const CanMsgBuffer*, util::string&) 0x08001d8b   Thumb Code    62  canformatter.o(.text)
    CanReplyFormatter::replyH1(const CanMsgBuffer*, unsigned, util::string&) 0x08001dc9   Thumb Code    94  canformatter.o(.text)
    CanReplyFormatter::replyH0(const CanMsgBuffer*, unsigned, unsigned, util::string&) 0x08001e27   Thumb Code    18  canformatter.o(.text)
    CanReplyFormatter::getConfigKey()        0x08001e39   Thumb Code    38  canformatter.o(.text)
    CanReplyFormatter::reply(const CanMsgBuffer*) 0x08001e5f   Thumb Code   122  canformatter.o(.text)
    CanReplyFormatter::replyFirstFrameH0(const CanMsgBuffer*, unsigned, unsigned, util::string&) 0x08001ed9   Thumb Code    52  canformatter.o(.text)
    CanReplyFormatter::replyFirstFrame(const CanMsgBuffer*) 0x08001f0d   Thumb Code   128  canformatter.o(.text)
    CanReplyFormatter::replyNextFrameH0(const CanMsgBuffer*, unsigned, unsigned, int, util::string&) 0x08001f8d   Thumb Code    46  canformatter.o(.text)
    CanReplyFormatter::replyNextFrame(const CanMsgBuffer*, int) 0x08001fbb   Thumb Code   134  canformatter.o(.text)
    CanHistory::dumpCurrentBuffer()          0x0800204d   Thumb Code   226  canhistory.o(.text)
    CanHistory::add2Buffer(const CanMsgBuffer*, bool, unsigned char) 0x0800212f   Thumb Code    62  canhistory.o(.text)
    IsoCanAdapter::checkResponsePending(const CanMsgBuffer*) 0x08002175   Thumb Code    32  isocan.o(.text)
    IsoCanAdapter::getP2MaxTimeout() const   0x08002195   Thumb Code    36  isocan.o(.text)
    IsoCanAdapter::receiveFromEcu(bool)      0x080021b9   Thumb Code   230  isocan.o(.text)
    IsoCanAdapter::sendFrameToEcu(const unsigned char*, unsigned char, unsigned char) 0x0800229f   Thumb Code    94  isocan.o(.text)
    IsoCanAdapter::receiveControlFrame(unsigned char&, unsigned char&, unsigned char&) 0x080022fd   Thumb Code   164  isocan.o(.text)
    IsoCanAdapter::sendToEcuMF(const unsigned char*, int) 0x080023a1   Thumb Code   300  isocan.o(.text)
    IsoCanAdapter::sendToEcu(const unsigned char*, int) 0x080024cd   Thumb Code   168  isocan.o(.text)
    IsoCanAdapter::onRequest(const unsigned char*, int) 0x08002575   Thumb Code    36  isocan.o(.text)
    IsoCanAdapter::onTryConnectEcu(bool)     0x08002599   Thumb Code   148  isocan.o(.text)
    IsoCanAdapter::wiringCheck()             0x0800262d   Thumb Code    94  isocan.o(.text)
    IsoCanAdapter::dumpBuffer()              0x0800268b   Thumb Code    10  isocan.o(.text)
    IsoCanAdapter::IsoCanAdapter__sub_object() 0x08002695   Thumb Code    82  isocan.o(.text)
    IsoCan11Adapter::onConnectEcu()          0x080026e7   Thumb Code    10  isocan.o(.text)
    IsoCan11Adapter::getDescription()        0x080026f1   Thumb Code    46  isocan.o(.text)
    IsoCan11Adapter::getDescriptionNum()     0x0800271f   Thumb Code    46  isocan.o(.text)
    IsoCan11Adapter::getID() const           0x0800274d   Thumb Code    36  isocan.o(.text)
    IsoCan11Adapter::setFilterAndMask()      0x08002771   Thumb Code    88  isocan.o(.text)
    IsoCan11Adapter::processFlowFrame(const CanMsgBuffer*) 0x080027c9   Thumb Code   172  isocan.o(.text)
    IsoCan11Adapter::getProtocol() const     0x08002875   Thumb Code    12  isocan.o(.text)
    IsoCan11Adapter::open()                  0x08002881   Thumb Code    18  isocan.o(.text)
    IsoCan29Adapter::onConnectEcu()          0x08002893   Thumb Code    10  isocan.o(.text)
    IsoCan29Adapter::getDescription()        0x0800289d   Thumb Code    26  isocan.o(.text)
    IsoCan29Adapter::getDescriptionNum()     0x080028b7   Thumb Code    26  isocan.o(.text)
    IsoCan29Adapter::getID() const           0x080028d1   Thumb Code    68  isocan.o(.text)
    IsoCan29Adapter::setFilterAndMask()      0x08002915   Thumb Code    84  isocan.o(.text)
    IsoCan29Adapter::processFlowFrame(const CanMsgBuffer*) 0x08002969   Thumb Code    74  isocan.o(.text)
    IsoCan29Adapter::open()                  0x080029b3   Thumb Code    18  isocan.o(.text)
    OBDProfile::OBDProfile()                 0x08002ad1   Thumb Code    16  obdprofile.o(.text)
    OBDProfile::OBDProfile__sub_object()     0x08002ad1   Thumb Code     0  obdprofile.o(.text)
    OBDProfile::instance()                   0x08002ae1   Thumb Code    40  obdprofile.o(.text)
    OBDProfile::getProtocolDescription() const 0x08002b09   Thumb Code     8  obdprofile.o(.text)
    OBDProfile::getProtocolDescriptionNum() const 0x08002b11   Thumb Code     8  obdprofile.o(.text)
    OBDProfile::setProtocol(int, bool)       0x08002b19   Thumb Code    72  obdprofile.o(.text)
    OBDProfile::dumpBuffer()                 0x08002b61   Thumb Code     8  obdprofile.o(.text)
    OBDProfile::closeProtocol()              0x08002b69   Thumb Code     8  obdprofile.o(.text)
    OBDProfile::sendLengthCheck(int)         0x08002b71   Thumb Code    16  obdprofile.o(.text)
    OBDProfile::onRequestImpl(const DataCollector*) 0x08002b81   Thumb Code   150  obdprofile.o(.text)
    OBDProfile::onRequest(const DataCollector*) 0x08002c17   Thumb Code   120  obdprofile.o(.text)
    OBDProfile::wiringCheck()                0x08002c8f   Thumb Code    16  obdprofile.o(.text)
    OBDProfile::kwDisplay()                  0x08002c9f   Thumb Code     4  obdprofile.o(.text)
    OBDProfile::setFilterAndMask()           0x08002ca3   Thumb Code     8  obdprofile.o(.text)
    ProtocolAdapter::close()                 0x08002cc1   Thumb Code    12  padapter.o(.text)
    ProtocolAdapter::ProtocolAdapter__sub_object() 0x08002ccd   Thumb Code    24  padapter.o(.text)
    ProtocolAdapter::getAdapter(int)         0x08002ce5   Thumb Code   156  padapter.o(.text)
    util::stoul(const util::string&, unsigned*, int) 0x08002d99   Thumb Code    20  algorithms.o(.text)
    util::to_ascii(unsigned char)            0x08002dad   Thumb Code    28  algorithms.o(.text)
    CanMsgBuffer::CanMsgBuffer()             0x08002dd9   Thumb Code    26  canmsgbuffer.o(.text)
    CanMsgBuffer::CanMsgBuffer__sub_object() 0x08002dd9   Thumb Code     0  canmsgbuffer.o(.text)
    CanMsgBuffer::CanMsgBuffer(unsigned, bool, unsigned char, unsigned char, unsigned char, unsigned char, unsigned char, unsigned char, unsigned char, unsigned char, unsigned char) 0x08002df3   Thumb Code    42  canmsgbuffer.o(.text)
    CanMsgBuffer::CanMsgBuffer__sub_object(unsigned, bool, unsigned char, unsigned char, unsigned char, unsigned char, unsigned char, unsigned char, unsigned char, unsigned char, unsigned char) 0x08002df3   Thumb Code     0  canmsgbuffer.o(.text)
    util::string::__init(unsigned)           0x08002e1d   Thumb Code    34  lstring.o(.text)
    util::string::string(unsigned)           0x08002e3f   Thumb Code    20  lstring.o(.text)
    util::string::string__sub_object(unsigned) 0x08002e3f   Thumb Code     0  lstring.o(.text)
    util::string::string(const char*)        0x08002e53   Thumb Code    34  lstring.o(.text)
    util::string::string__sub_object(const char*) 0x08002e53   Thumb Code     0  lstring.o(.text)
    util::string::string(const util::string&) 0x08002e75   Thumb Code    26  lstring.o(.text)
    util::string::string__sub_object(const util::string&) 0x08002e75   Thumb Code     0  lstring.o(.text)
    util::string::__move_assign(util::string&) 0x08002e8f   Thumb Code    22  lstring.o(.text)
    util::string::~string()                  0x08002ea5   Thumb Code    24  lstring.o(.text)
    util::string::~string__sub_object()      0x08002ea5   Thumb Code     0  lstring.o(.text)
    util::string::resize(unsigned)           0x08002ebd   Thumb Code    18  lstring.o(.text)
    util::string::reserve(unsigned)          0x08002ecf   Thumb Code    40  lstring.o(.text)
    util::string::resize(unsigned, char)     0x08002ef7   Thumb Code    54  lstring.o(.text)
    util::string::append(const char*)        0x08002f2d   Thumb Code    48  lstring.o(.text)
    util::string::append(const char*, unsigned) 0x08002f5d   Thumb Code    52  lstring.o(.text)
    util::string::operator +=(char)          0x08002f91   Thumb Code    38  lstring.o(.text)
    util::string::clear()                    0x08002fb7   Thumb Code    10  lstring.o(.text)
    util::string::substr(unsigned, unsigned) const 0x08002fc1   Thumb Code    44  lstring.o(.text)
    util::string::operator +=(const util::string&) 0x08002fed   Thumb Code     6  lstring.o(.text)
    util::string::operator +=(const char*)   0x08002ff3   Thumb Code     2  lstring.o(.text)
    util::string::operator =(const util::string&) 0x08002ff5   Thumb Code    34  lstring.o(.text)
    util::string::operator =(util::string&&) 0x08003017   Thumb Code    24  lstring.o(.text)
    util::string::operator =(const char*)    0x0800302f   Thumb Code    36  lstring.o(.text)
    util::operator ==(const util::string&, const char*) 0x08003053   Thumb Code    20  lstring.o(.text)
    util::operator +(const char*, const util::string&) 0x08003067   Thumb Code    44  lstring.o(.text)
    Reset_Handler                            0x08003099   Thumb Code    38  startup_stm32f042.o(.text)
    NMI_Handler                              0x080030bf   Thumb Code     2  startup_stm32f042.o(.text)
    HardFault_Handler                        0x080030c1   Thumb Code     2  startup_stm32f042.o(.text)
    SVC_Handler                              0x080030c3   Thumb Code     2  startup_stm32f042.o(.text)
    PendSV_Handler                           0x080030c5   Thumb Code     2  startup_stm32f042.o(.text)
    SysTick_Handler                          0x080030c7   Thumb Code     2  startup_stm32f042.o(.text)
    ADC1_IRQHandler                          0x080030c9   Thumb Code     0  startup_stm32f042.o(.text)
    DMA1_Channel1_IRQHandler                 0x080030c9   Thumb Code     0  startup_stm32f042.o(.text)
    DMA1_Channel2_3_IRQHandler               0x080030c9   Thumb Code     0  startup_stm32f042.o(.text)
    DMA1_Channel4_5_IRQHandler               0x080030c9   Thumb Code     0  startup_stm32f042.o(.text)
    EXTI0_1_IRQHandler                       0x080030c9   Thumb Code     0  startup_stm32f042.o(.text)
    EXTI2_3_IRQHandler                       0x080030c9   Thumb Code     0  startup_stm32f042.o(.text)
    EXTI4_15_IRQHandler                      0x080030c9   Thumb Code     0  startup_stm32f042.o(.text)
    FLASH_IRQHandler                         0x080030c9   Thumb Code     0  startup_stm32f042.o(.text)
    I2C1_IRQHandler                          0x080030c9   Thumb Code     0  startup_stm32f042.o(.text)
    PVD_VDDIO2_IRQHandler                    0x080030c9   Thumb Code     0  startup_stm32f042.o(.text)
    RCC_CRS_IRQHandler                       0x080030c9   Thumb Code     0  startup_stm32f042.o(.text)
    RTC_IRQHandler                           0x080030c9   Thumb Code     0  startup_stm32f042.o(.text)
    SPI1_IRQHandler                          0x080030c9   Thumb Code     0  startup_stm32f042.o(.text)
    SPI2_IRQHandler                          0x080030c9   Thumb Code     0  startup_stm32f042.o(.text)
    TIM14_IRQHandler                         0x080030c9   Thumb Code     0  startup_stm32f042.o(.text)
    TIM17_IRQHandler                         0x080030c9   Thumb Code     0  startup_stm32f042.o(.text)
    TIM1_BRK_UP_TRG_COM_IRQHandler           0x080030c9   Thumb Code     0  startup_stm32f042.o(.text)
    TIM1_CC_IRQHandler                       0x080030c9   Thumb Code     0  startup_stm32f042.o(.text)
    TIM2_IRQHandler                          0x080030c9   Thumb Code     0  startup_stm32f042.o(.text)
    TIM3_IRQHandler                          0x080030c9   Thumb Code     0  startup_stm32f042.o(.text)
    TSC_IRQHandler                           0x080030c9   Thumb Code     0  startup_stm32f042.o(.text)
    USART1_IRQHandler                        0x080030c9   Thumb Code     0  startup_stm32f042.o(.text)
    USB_IRQHandler                           0x080030c9   Thumb Code     0  startup_stm32f042.o(.text)
    WWDG_IRQHandler                          0x080030c9   Thumb Code     0  startup_stm32f042.o(.text)
    SystemInit                               0x080030f1   Thumb Code    84  system_stm32f0xx.o(.text)
    SystemCoreClockUpdate                    0x08003145   Thumb Code    92  system_stm32f0xx.o(.text)
    __aeabi_uidiv                            0x0800320d   Thumb Code     0  uidiv.o(.text)
    __aeabi_uidivmod                         0x0800320d   Thumb Code    44  uidiv.o(.text)
    __aeabi_idiv                             0x08003239   Thumb Code     0  idiv.o(.text)
    __aeabi_idivmod                          0x08003239   Thumb Code    40  idiv.o(.text)
    __aeabi_llsl                             0x08003261   Thumb Code    32  llshl.o(.text)
    _ll_shift_l                              0x08003261   Thumb Code     0  llshl.o(.text)
    __rt_ctype_table                         0x08003281   Thumb Code     4  ctype_o.o(.text)
    toupper                                  0x08003289   Thumb Code    12  toupper.o(.text)
    __aeabi_memcpy                           0x08003295   Thumb Code    36  memcpya.o(.text)
    __aeabi_memcpy4                          0x08003295   Thumb Code     0  memcpya.o(.text)
    __aeabi_memcpy8                          0x08003295   Thumb Code     0  memcpya.o(.text)
    __aeabi_memset                           0x080032b9   Thumb Code    14  memseta.o(.text)
    __aeabi_memset4                          0x080032b9   Thumb Code     0  memseta.o(.text)
    __aeabi_memset8                          0x080032b9   Thumb Code     0  memseta.o(.text)
    __aeabi_memclr                           0x080032c7   Thumb Code     4  memseta.o(.text)
    __aeabi_memclr4                          0x080032c7   Thumb Code     0  memseta.o(.text)
    __aeabi_memclr8                          0x080032c7   Thumb Code     0  memseta.o(.text)
    _memset$wrapper                          0x080032cb   Thumb Code    18  memseta.o(.text)
    strlen                                   0x080032dd   Thumb Code    14  strlen.o(.text)
    strcmp                                   0x080032eb   Thumb Code    28  strcmp.o(.text)
    strcpy                                   0x08003307   Thumb Code    18  strcpy.o(.text)
    strtoul                                  0x08003319   Thumb Code   118  strtoul.o(.text)
    __cpp_initialize__aeabi_                 0x08003391   Thumb Code    22  cpp_init.o(.text)
    __aeabi_atexit                           0x080033b1   Thumb Code    42  aeabi_atexit.o(.text)
    __default_new_handler()                  0x080033db   Thumb Code     8  arm_newhandler_noexceptions.o(.text)
    __aeabi_uldivmod                         0x080033e3   Thumb Code    96  uldiv.o(.text)
    _strtoul                                 0x08003443   Thumb Code   166  _strtoul.o(.text)
    __rt_ddtor_pointer_addr                  0x080034e9   Thumb Code     4  cpp_dtor.o(.text)
    __rt_new_handler_addr                    0x080034f1   Thumb Code     4  cpp_memory.o(.text)
    __rt_eh_globals_addr                     0x080034f5   Thumb Code    12  cpp_memory.o(.text)
    __cxa_finalize                           0x08003505   Thumb Code    66  cxa_finalize.o(.text)
    std::terminate()                         0x08003547   Thumb Code    28  arm_exceptions_terminate.o(.text)
    __cxa_get_globals                        0x0800356b   Thumb Code    66  arm_exceptions_globs.o(.text)
    __scatterload                            0x080035b9   Thumb Code    28  init.o(.text)
    __scatterload_rt2                        0x080035b9   Thumb Code     0  init.o(.text)
    __aeabi_llsr                             0x080035dd   Thumb Code    34  llushr.o(.text)
    _ll_ushift_r                             0x080035dd   Thumb Code     0  llushr.o(.text)
    _chval                                   0x080035ff   Thumb Code    30  _chval.o(.text)
    __rt_lib_shutdown_cpp_2                  0x0800361d   Thumb Code     2  cpp_final.o(.text)
    __ARM_exceptions_buffer_init             0x0800361f   Thumb Code    18  arm_exceptions_mem.o(.text)
    __ARM_exceptions_buffer_allocate         0x08003631   Thumb Code    26  arm_exceptions_mem.o(.text)
    __ARM_exceptions_buffer_free             0x0800364b   Thumb Code    22  arm_exceptions_mem.o(.text)
    AutoAdapter::wiringCheck()               0x08003661   Thumb Code     2  autoadapter.o(i._ZN11AutoAdapter11wiringCheckEv)
    AutoAdapter::onConnectEcu()              0x08003663   Thumb Code     4  autoadapter.o(i._ZN11AutoAdapter12onConnectEcuEv)
    DataCollector::~DataCollector()          0x08003667   Thumb Code     8  datacollector.o(i._ZN13DataCollectorD1Ev)
    DataCollector::~DataCollector__sub_object() 0x08003667   Thumb Code     0  datacollector.o(i._ZN13DataCollectorD1Ev)
    ProtocolAdapter::dumpBuffer()            0x0800366f   Thumb Code     2  autoadapter.o(i._ZN15ProtocolAdapter10dumpBufferEv)
    ProtocolAdapter::setFilterAndMask()      0x08003671   Thumb Code     2  autoadapter.o(i._ZN15ProtocolAdapter16setFilterAndMaskEv)
    ProtocolAdapter::open()                  0x08003673   Thumb Code     6  autoadapter.o(i._ZN15ProtocolAdapter4openEv)
    CmdUart::~CmdUart()                      0x08003679   Thumb Code    16  cmduartstm32f0xx.o(i._ZN7CmdUartD1Ev)
    CmdUart::~CmdUart__sub_object()          0x08003679   Thumb Code     0  cmduartstm32f0xx.o(i._ZN7CmdUartD1Ev)
    MsgEntry::MsgEntry()                     0x08003689   Thumb Code    18  isocan.o(i._ZN8MsgEntryC1Ev)
    MsgEntry::MsgEntry__sub_object()         0x08003689   Thumb Code     0  isocan.o(i._ZN8MsgEntryC1Ev)
    ByteArray::clear()                       0x0800369b   Thumb Code    14  adapterconfig.o(i._ZN9ByteArray5clearEv)
    ByteArray::ByteArray()                   0x080036a9   Thumb Code    12  adapterconfig.o(i._ZN9ByteArrayC1Ev)
    ByteArray::ByteArray__sub_object()       0x080036a9   Thumb Code     0  adapterconfig.o(i._ZN9ByteArrayC1Ev)
    AutoAdapter::getProtocol() const         0x080036b5   Thumb Code     4  autoadapter.o(i._ZNK11AutoAdapter11getProtocolEv)
    IsoCan29Adapter::getProtocol() const     0x080036b9   Thumb Code     4  isocan.o(i._ZNK15IsoCan29Adapter11getProtocolEv)
    ByteArray::asCanId() const               0x080036bd   Thumb Code    56  isocan.o(i._ZNK9ByteArray7asCanIdEv)
    operator delete[] (void*)                0x080036f5   Thumb Code     8  array_del.o(i._ZdaPv)
    operator delete (void*)                  0x080036fd   Thumb Code     8  delete.o(i._ZdlPv)
    operator new[] (unsigned)                0x08003705   Thumb Code     8  array_new.o(i._Znaj)
    operator new(unsigned)                   0x0800370d   Thumb Code    36  new.o(i._Znwj)
    __0sprintf$8                             0x08003735   Thumb Code    36  printf8.o(i.__0sprintf$8)
    __1sprintf$8                             0x08003735   Thumb Code     0  printf8.o(i.__0sprintf$8)
    __2sprintf                               0x08003735   Thumb Code     0  printf8.o(i.__0sprintf$8)
    __ARM_common_switch8                     0x0800375d   Thumb Code    26  obdprofile.o(i.__ARM_common_switch8)
    __aeabi_errno_addr                       0x08003779   Thumb Code     4  errno.o(i.__aeabi_errno_addr)
    __rt_errno_addr                          0x08003779   Thumb Code     0  errno.o(i.__aeabi_errno_addr)
    __aeabi_vec_ctor_nocookie_nodtor         0x08003781   Thumb Code    34  aeabi_vec_ctor_nocookie_nodtor.o(i.__aeabi_vec_ctor_nocookie_nodtor)
    __cxa_guard_acquire                      0x080037a3   Thumb Code    18  cxa_guard_acquire.o(i.__cxa_guard_acquire)
    __cxa_pure_virtual                       0x080037b5   Thumb Code    10  pure_virt.o(i.__cxa_pure_virtual)
    __scatterload_copy                       0x080037bf   Thumb Code    14  handlers.o(i.__scatterload_copy)
    __scatterload_null                       0x080037cd   Thumb Code     2  handlers.o(i.__scatterload_null)
    __scatterload_zeroinit                   0x080037cf   Thumb Code    14  handlers.o(i.__scatterload_zeroinit)
    free                                     0x08003c5d   Thumb Code    80  malloc.o(i.free)
    malloc                                   0x08003cb1   Thumb Code    92  malloc.o(i.malloc)
    __ctype_table                            0x08004353   Data         129  ctype_o.o(.constdata)
    vtable for AutoAdapter                   0x080043d8   Data          64  autoadapter.o(.constdata__ZTV11AutoAdapter)
    vtable for IsoCanAdapter                 0x08004418   Data          76  isocan.o(.constdata__ZTV13IsoCanAdapter)
    vtable for IsoCan11Adapter               0x08004464   Data          76  isocan.o(.constdata__ZTV15IsoCan11Adapter)
    vtable for IsoCan29Adapter               0x080044b0   Data          76  isocan.o(.constdata__ZTV15IsoCan29Adapter)
    vtable for ProtocolAdapter               0x080044fc   Data          64  padapter.o(.constdata__ZTV15ProtocolAdapter)
    Region$$Table$$Base                      0x080046a8   Number         0  anon$$obj.o(Region$$Table)
    Region$$Table$$Limit                     0x080046c8   Number         0  anon$$obj.o(Region$$Table)
    SHT$$INIT_ARRAY$$Base                    0x080046c8   Number         0  adapter.o(.init_array)
    SHT$$INIT_ARRAY$$Limit                   0x080046d0   Number         0  cpp_init.o(.init_array)
    GPIOx                                    0x20000010   Data           4  adcstm32f0xx.o(.data)
    AdptLED::txCount_                        0x20000060   Data           4  led.o(.data)
    AdptLED::rxCount_                        0x20000064   Data           4  led.o(.data)
    SystemCoreClock                          0x20000090   Data           4  system_stm32f0xx.o(.data)
    AHBPrescTable                            0x20000094   Data          16  system_stm32f0xx.o(.data)
    __microlib_freelist                      0x200000b8   Data           4  mvars.o(.data)
    __microlib_freelist_initialised          0x200000bc   Data           4  mvars.o(.data)
    __heap_base                              0x200005c0   Data           0  startup_stm32f042.o(HEAP)
    __heap_limit                             0x200012c0   Data           0  startup_stm32f042.o(HEAP)
    __initial_sp                             0x200016c0   Data           0  startup_stm32f042.o(STACK)



==============================================================================

Memory Map of the image

  Image Entry point : 0x080000c1

  Load Region LR_IROM1 (Base: 0x08000000, Size: 0x00004790, Max: 0x00008000, ABSOLUTE)

    Execution Region ER_IROM1 (Exec base: 0x08000000, Load base: 0x08000000, Size: 0x000046d0, Max: 0x00008000, ABSOLUTE)

    Exec Addr    Load Addr    Size         Type   Attr      Idx    E Section Name        Object

    0x08000000   0x08000000   0x000000c0   Data   RO         2816    RESET               startup_stm32f042.o
    0x080000c0   0x080000c0   0x00000000   Code   RO         2976  * .ARM.Collect$$$$00000000  mc_p.l(entry.o)
    0x080000c0   0x080000c0   0x00000004   Code   RO         3340    .ARM.Collect$$$$00000001  mc_p.l(entry2.o)
    0x080000c4   0x080000c4   0x00000004   Code   RO         3343    .ARM.Collect$$$$00000004  mc_p.l(entry5.o)
    0x080000c8   0x080000c8   0x00000000   Code   RO         3345    .ARM.Collect$$$$00000008  mc_p.l(entry7b.o)
    0x080000c8   0x080000c8   0x00000004   Code   RO         3346    .ARM.Collect$$$$00000009  mc_p.l(entry8a.o)
    0x080000cc   0x080000cc   0x00000000   Code   RO         3347    .ARM.Collect$$$$0000000A  mc_p.l(entry8b.o)
    0x080000cc   0x080000cc   0x00000008   Code   RO         3348    .ARM.Collect$$$$0000000B  mc_p.l(entry9a.o)
    0x080000d4   0x080000d4   0x00000000   Code   RO         3350    .ARM.Collect$$$$0000000D  mc_p.l(entry10a.o)
    0x080000d4   0x080000d4   0x00000004   Code   RO         3351    .ARM.Collect$$$$0000000E  mc_p.l(entry10b.o)
    0x080000d8   0x080000d8   0x00000000   Code   RO         3352    .ARM.Collect$$$$0000000F  mc_p.l(entry11a.o)
    0x080000d8   0x080000d8   0x00000004   Code   RO         3341    .ARM.Collect$$$$00002712  mc_p.l(entry2.o)
    0x080000dc   0x080000dc   0x000000ec   Code   RO            3    .text               adapter.o
    0x080001c8   0x080001c8   0x0000015c   Code   RO          106    .text               adapterconfig.o
    0x08000324   0x08000324   0x000000ec   Code   RO          183    .text               datacollector.o
    0x08000410   0x08000410   0x00000268   Code   RO          285    .text               functions.o
    0x08000678   0x08000678   0x000007b8   Code   RO          369    .text               dispatcher.o
    0x08000e30   0x08000e30   0x0000009c   Code   RO          442    .text               adcstm32f0xx.o
    0x08000ecc   0x08000ecc   0x000002bc   Code   RO          505    .text               candriverstm32f0xx.o
    0x08001188   0x08001188   0x000001f8   Code   RO          563    .text               cmduartstm32f0xx.o
    0x08001380   0x08001380   0x00000078   Code   RO          613    .text               sysutilitystm32f0xx.o
    0x080013f8   0x080013f8   0x0000008c   Code   RO          641    .text               gpiodrvstm32f0xx.o
    0x08001484   0x08001484   0x00000170   Code   RO          688    .text               timerstm32f0xx.o
    0x080015f4   0x080015f4   0x000000e4   Code   RO          736    .text               led.o
    0x080016d8   0x080016d8   0x00000090   Code   RO          771    .text               stm32f0xx_gpio.o
    0x08001768   0x08001768   0x0000016c   Code   RO          906    .text               stm32f0xx_rcc.o
    0x080018d4   0x080018d4   0x00000074   Code   RO         1130    .text               stm32f0xx_tim.o
    0x08001948   0x08001948   0x000000c4   Code   RO         1686    .text               stm32f0xx_usart.o
    0x08001a0c   0x08001a0c   0x0000022c   Code   RO         1990    .text               stm32f0xx_can.o
    0x08001c38   0x08001c38   0x000000bc   Code   RO         2127    .text               stm32f0xx_adc.o
    0x08001cf4   0x08001cf4   0x00000088   Code   RO         2273    .text               autoadapter.o
    0x08001d7c   0x08001d7c   0x000002d0   Code   RO         2360    .text               canformatter.o
    0x0800204c   0x0800204c   0x00000128   Code   RO         2384    .text               canhistory.o
    0x08002174   0x08002174   0x0000095c   Code   RO         2401    .text               isocan.o
    0x08002ad0   0x08002ad0   0x000001f0   Code   RO         2501    .text               obdprofile.o
    0x08002cc0   0x08002cc0   0x000000d8   Code   RO         2560    .text               padapter.o
    0x08002d98   0x08002d98   0x00000040   Code   RO         2596    .text               algorithms.o
    0x08002dd8   0x08002dd8   0x00000044   Code   RO         2648    .text               canmsgbuffer.o
    0x08002e1c   0x08002e1c   0x0000027c   Code   RO         2670    .text               lstring.o
    0x08003098   0x08003098   0x00000058   Code   RO         2817    .text               startup_stm32f042.o
    0x080030f0   0x080030f0   0x0000011c   Code   RO         2823    .text               system_stm32f0xx.o
    0x0800320c   0x0800320c   0x0000002c   Code   RO         2979    .text               mc_p.l(uidiv.o)
    0x08003238   0x08003238   0x00000028   Code   RO         2981    .text               mc_p.l(idiv.o)
    0x08003260   0x08003260   0x00000020   Code   RO         2983    .text               mc_p.l(llshl.o)
    0x08003280   0x08003280   0x00000008   Code   RO         2985    .text               mc_p.l(ctype_o.o)
    0x08003288   0x08003288   0x0000000c   Code   RO         3013    .text               mc_p.l(toupper.o)
    0x08003294   0x08003294   0x00000024   Code   RO         3017    .text               mc_p.l(memcpya.o)
    0x080032b8   0x080032b8   0x00000024   Code   RO         3019    .text               mc_p.l(memseta.o)
    0x080032dc   0x080032dc   0x0000000e   Code   RO         3025    .text               mc_p.l(strlen.o)
    0x080032ea   0x080032ea   0x0000001c   Code   RO         3027    .text               mc_p.l(strcmp.o)
    0x08003306   0x08003306   0x00000012   Code   RO         3029    .text               mc_p.l(strcpy.o)
    0x08003318   0x08003318   0x00000076   Code   RO         3296    .text               mc_p.l(strtoul.o)
    0x0800338e   0x0800338e   0x00000002   PAD
    0x08003390   0x08003390   0x00000020   Code   RO         3301    .text               mc_p.l(cpp_init.o)
    0x080033b0   0x080033b0   0x0000002a   Code   RO         3303    .text               mc_p.l(aeabi_atexit.o)
    0x080033da   0x080033da   0x00000008   Code   RO         3311    .text               cpprt_p.l(arm_newhandler_noexceptions.o)
    0x080033e2   0x080033e2   0x00000060   Code   RO         3357    .text               mc_p.l(uldiv.o)
    0x08003442   0x08003442   0x000000a6   Code   RO         3394    .text               mc_p.l(_strtoul.o)
    0x080034e8   0x080034e8   0x00000008   Code   RO         3397    .text               mc_p.l(cpp_dtor.o)
    0x080034f0   0x080034f0   0x00000014   Code   RO         3400    .text               mc_p.l(cpp_memory.o)
    0x08003504   0x08003504   0x00000042   Code   RO         3405    .text               mc_p.l(cxa_finalize.o)
    0x08003546   0x08003546   0x0000001c   Code   RO         3437    .text               cpprt_p.l(arm_exceptions_terminate.o)
    0x08003562   0x08003562   0x00000002   PAD
    0x08003564   0x08003564   0x00000054   Code   RO         3440    .text               cpprt_p.l(arm_exceptions_globs.o)
    0x080035b8   0x080035b8   0x00000024   Code   RO         3446    .text               mc_p.l(init.o)
    0x080035dc   0x080035dc   0x00000022   Code   RO         3449    .text               mc_p.l(llushr.o)
    0x080035fe   0x080035fe   0x0000001e   Code   RO         3455    .text               mc_p.l(_chval.o)
    0x0800361c   0x0800361c   0x00000002   Code   RO         3458    .text               mc_p.l(cpp_final.o)
    0x0800361e   0x0800361e   0x00000042   Code   RO         3467    .text               cpprt_p.l(arm_exceptions_mem.o)
    0x08003660   0x08003660   0x00000002   Code   RO         2333    i._ZN11AutoAdapter11wiringCheckEv  autoadapter.o
    0x08003662   0x08003662   0x00000004   Code   RO         2321    i._ZN11AutoAdapter12onConnectEcuEv  autoadapter.o
    0x08003666   0x08003666   0x00000008   Code   RO          194    i._ZN13DataCollectorD1Ev  datacollector.o
    0x0800366e   0x0800366e   0x00000002   Code   RO         2285    i._ZN15ProtocolAdapter10dumpBufferEv  autoadapter.o
    0x08003670   0x08003670   0x00000002   Code   RO         2315    i._ZN15ProtocolAdapter16setFilterAndMaskEv  autoadapter.o
    0x08003672   0x08003672   0x00000006   Code   RO         2297    i._ZN15ProtocolAdapter4openEv  autoadapter.o
    0x08003678   0x08003678   0x00000010   Code   RO          587    i._ZN7CmdUartD1Ev   cmduartstm32f0xx.o
    0x08003688   0x08003688   0x00000012   Code   RO         2447    i._ZN8MsgEntryC1Ev  isocan.o
    0x0800369a   0x0800369a   0x0000000e   Code   RO          123    i._ZN9ByteArray5clearEv  adapterconfig.o
    0x080036a8   0x080036a8   0x0000000c   Code   RO          129    i._ZN9ByteArrayC1Ev  adapterconfig.o
    0x080036b4   0x080036b4   0x00000004   Code   RO         2327    i._ZNK11AutoAdapter11getProtocolEv  autoadapter.o
    0x080036b8   0x080036b8   0x00000004   Code   RO         2453    i._ZNK15IsoCan29Adapter11getProtocolEv  isocan.o
    0x080036bc   0x080036bc   0x00000038   Code   RO         2435    i._ZNK9ByteArray7asCanIdEv  isocan.o
    0x080036f4   0x080036f4   0x00000008   Code   RO         2847    i._ZdaPv            cpprt_p.l(array_del.o)
    0x080036fc   0x080036fc   0x00000008   Code   RO         3305    i._ZdlPv            cpprt_p.l(delete.o)
    0x08003704   0x08003704   0x00000008   Code   RO         2850    i._Znaj             cpprt_p.l(array_new.o)
    0x0800370c   0x0800370c   0x00000028   Code   RO         2854    i._Znwj             cpprt_p.l(new.o)
    0x08003734   0x08003734   0x00000028   Code   RO         3242    i.__0sprintf$8      mc_p.l(printf8.o)
    0x0800375c   0x0800375c   0x0000001a   Code   RO         2528    i.__ARM_common_switch8  obdprofile.o
    0x08003776   0x08003776   0x00000002   PAD
    0x08003778   0x08003778   0x00000008   Code   RO         3387    i.__aeabi_errno_addr  mc_p.l(errno.o)
    0x08003780   0x08003780   0x00000022   Code   RO         2973    i.__aeabi_vec_ctor_nocookie_nodtor  cpprt_p.l(aeabi_vec_ctor_nocookie_nodtor.o)
    0x080037a2   0x080037a2   0x00000012   Code   RO         2861    i.__cxa_guard_acquire  cpprt_p.l(cxa_guard_acquire.o)
    0x080037b4   0x080037b4   0x0000000a   Code   RO         2858    i.__cxa_pure_virtual  cpprt_p.l(pure_virt.o)
    0x080037be   0x080037be   0x0000000e   Code   RO         3483    i.__scatterload_copy  mc_p.l(handlers.o)
    0x080037cc   0x080037cc   0x00000002   Code   RO         3484    i.__scatterload_null  mc_p.l(handlers.o)
    0x080037ce   0x080037ce   0x0000000e   Code   RO         3485    i.__scatterload_zeroinit  mc_p.l(handlers.o)
    0x080037dc   0x080037dc   0x00000428   Code   RO         3247    i._printf_core      mc_p.l(printf8.o)
    0x08003c04   0x08003c04   0x00000020   Code   RO         3248    i._printf_post_padding  mc_p.l(printf8.o)
    0x08003c24   0x08003c24   0x0000002c   Code   RO         3249    i._printf_pre_padding  mc_p.l(printf8.o)
    0x08003c50   0x08003c50   0x0000000a   Code   RO         3251    i._sputc            mc_p.l(printf8.o)
    0x08003c5a   0x08003c5a   0x00000002   PAD
    0x08003c5c   0x08003c5c   0x00000054   Code   RO         3359    i.free              mc_p.l(malloc.o)
    0x08003cb0   0x08003cb0   0x0000006c   Code   RO         3360    i.malloc            mc_p.l(malloc.o)
    0x08003d1c   0x08003d1c   0x000005c0   Data   RO          371    .constdata          dispatcher.o
    0x080042dc   0x080042dc   0x00000014   Data   RO          649    .constdata          gpiodrvstm32f0xx.o
    0x080042f0   0x080042f0   0x00000063   Data   RO         2510    .constdata          obdprofile.o
    0x08004353   0x08004353   0x00000081   Data   RO         2986    .constdata          mc_p.l(ctype_o.o)
    0x080043d4   0x080043d4   0x00000004   Data   RO         2987    .constdata          mc_p.l(ctype_o.o)
    0x080043d8   0x080043d8   0x00000040   Data   RO         2284    .constdata__ZTV11AutoAdapter  autoadapter.o
    0x08004418   0x08004418   0x0000004c   Data   RO         2430    .constdata__ZTV13IsoCanAdapter  isocan.o
    0x08004464   0x08004464   0x0000004c   Data   RO         2432    .constdata__ZTV15IsoCan11Adapter  isocan.o
    0x080044b0   0x080044b0   0x0000004c   Data   RO         2434    .constdata__ZTV15IsoCan29Adapter  isocan.o
    0x080044fc   0x080044fc   0x00000040   Data   RO         2572    .constdata__ZTV15ProtocolAdapter  padapter.o
    0x0800453c   0x0800453c   0x0000016a   Data   RO          372    .conststring        dispatcher.o
    0x080046a6   0x080046a6   0x00000002   PAD
    0x080046a8   0x080046a8   0x00000020   Data   RO         3481    Region$$Table       anon$$obj.o
    0x080046c8   0x080046c8   0x00000004   Data   RO            6    .init_array         adapter.o
    0x080046cc   0x080046c8   0x00000004   Data   RO          697    .init_array         timerstm32f0xx.o
    0x080046d0   0x080046c8   0x00000000   Data   RO         3299    .init_array         mc_p.l(cpp_init.o)


    Execution Region RW_IRAM1 (Exec base: 0x20000000, Load base: 0x080046d0, Size: 0x000016c0, Max: 0x00001800, ABSOLUTE)

    Exec Addr    Load Addr    Size         Type   Attr      Idx    E Section Name        Object

    0x20000000   0x080046d0   0x00000008   Data   RW            5    .data               adapter.o
    0x20000008   0x080046d8   0x00000004   Data   RW          109    .data               adapterconfig.o
    0x2000000c   0x080046dc   0x00000004   Data   RW          186    .data               datacollector.o
    0x20000010   0x080046e0   0x00000004   Data   RW          444    .data               adcstm32f0xx.o
    0x20000014   0x080046e4   0x00000014   Data   RW          513    .data               candriverstm32f0xx.o
    0x20000028   0x080046f8   0x00000004   Data   RW          568    .data               cmduartstm32f0xx.o
    0x2000002c   0x080046fc   0x0000002c   Data   RW          696    .data               timerstm32f0xx.o
    0x20000058   0x08004728   0x00000010   Data   RW          740    .data               led.o
    0x20000068   0x08004738   0x00000010   Data   RW          923    .data               stm32f0xx_rcc.o
    0x20000078   0x08004748   0x00000008   Data   RW         2511    .data               obdprofile.o
    0x20000080   0x08004750   0x0000000c   Data   RW         2563    .data               padapter.o
    0x2000008c   0x0800475c   0x00000004   Data   RW         2698    .data               lstring.o
    0x20000090   0x08004760   0x00000014   Data   RW         2824    .data               system_stm32f0xx.o
    0x200000a4   0x08004774   0x00000004   Data   RW         3390    .data               mc_p.l(errno.o)
    0x200000a8   0x08004778   0x00000004   Data   RW         3398    .data               mc_p.l(cpp_dtor.o)
    0x200000ac   0x0800477c   0x0000000c   Data   RW         3401    .data               mc_p.l(cpp_memory.o)
    0x200000b8   0x08004788   0x00000004   Data   RW         3453    .data               mc_p.l(mvars.o)
    0x200000bc   0x0800478c   0x00000004   Data   RW         3454    .data               mc_p.l(mvars.o)
    0x200000c0        -       0x000000a8   Zero   RW          108    .bss                adapterconfig.o
    0x20000168        -       0x00000010   Zero   RW          185    .bss                datacollector.o
    0x20000178        -       0x000000c8   Zero   RW          511    .bss                candriverstm32f0xx.o
    0x20000240        -       0x00000320   Zero   RW          567    .bss                cmduartstm32f0xx.o
    0x20000560        -       0x0000005c   Zero   RW         2562    .bss                padapter.o
    0x200005bc   0x08004790   0x00000004   PAD
    0x200005c0        -       0x00000d00   Zero   RW         2815    HEAP                startup_stm32f042.o
    0x200012c0        -       0x00000400   Zero   RW         2814    STACK               startup_stm32f042.o


==============================================================================

Image component sizes


      Code (inc. data)   RO Data    RW Data    ZI Data      Debug   Object Name

       236          8          4          8          0     170316   adapter.o
       374         12          0          4        168     181224   adapterconfig.o
       156          8          0          4          0     193408   adcstm32f0xx.o
        64         16          0          0          0       4816   algorithms.o
       156         16         64          0          0      12640   autoadapter.o
       700         34          0         20        200      13593   candriverstm32f0xx.o
       720         12          0          0          0       9940   canformatter.o
       296          8          0          0          0       2596   canhistory.o
        68          0          0          0          0       2732   canmsgbuffer.o
       520         42          0          4        800      14343   cmduartstm32f0xx.o
       244         16          0          4         16      10410   datacollector.o
      1976        106       1834          0          0      18679   dispatcher.o
       616         14          0          0          0     182533   functions.o
       140         10         20          0          0       1796   gpiodrvstm32f0xx.o
      2474        276        228          0          0      23292   isocan.o
       228          8          0         16          0       2424   led.o
       636          6          0          4          0       8796   lstring.o
       522         36         99          8          0      12360   obdprofile.o
       216         24         64         12         92       8116   padapter.o
        88         38        192          0       4352        632   startup_stm32f042.o
       188          6          0          0          0      11029   stm32f0xx_adc.o
       556          6          0          0          0      11755   stm32f0xx_can.o
       144          0          0          0          0     180709   stm32f0xx_gpio.o
       364         28          0         16          0       2541   stm32f0xx_rcc.o
       116         28          0          0          0      22118   stm32f0xx_tim.o
       196         16          0          0          0      11580   stm32f0xx_usart.o
       284         30          0         20          0       1663   system_stm32f0xx.o
       120          4          0          0          0       8331   sysutilitystm32f0xx.o
       368         24          4         44          0      11611   timerstm32f0xx.o

    ----------------------------------------------------------------------
     12768        832       2543        164       5632    1135983   Object Totals
         0          0         32          0          0          0   (incl. Generated)
         2          0          2          0          4          0   (incl. Padding)

    ----------------------------------------------------------------------

      Code (inc. data)   RO Data    RW Data    ZI Data      Debug   Library Member Name

        34          0          0          0          0         80   aeabi_vec_ctor_nocookie_nodtor.o
        84         12          0          0          0         96   arm_exceptions_globs.o
        66          0          0          0          0        100   arm_exceptions_mem.o
        28          0          0          0          0         68   arm_exceptions_terminate.o
         8          0          0          0          0         68   arm_newhandler_noexceptions.o
         8          0          0          0          0         68   array_del.o
         8          0          0          0          0         68   array_new.o
        18          0          0          0          0         60   cxa_guard_acquire.o
         8          0          0          0          0         68   delete.o
        40          4          0          0          0         68   new.o
        10          0          0          0          0         68   pure_virt.o
        30          0          0          0          0         60   _chval.o
       166          0          0          0          0         84   _strtoul.o
        42          0          0          0          0         76   aeabi_atexit.o
         8          4          0          4          0         60   cpp_dtor.o
         2          0          0          0          0         60   cpp_final.o
        32         10          0          0          0         72   cpp_init.o
        20          4          0         12          0        120   cpp_memory.o
         8          4        133          0          0         60   ctype_o.o
        66          0          0          0          0         76   cxa_finalize.o
         0          0          0          0          0          0   entry.o
         0          0          0          0          0          0   entry10a.o
         4          0          0          0          0          0   entry10b.o
         0          0          0          0          0          0   entry11a.o
         8          4          0          0          0          0   entry2.o
         4          0          0          0          0          0   entry5.o
         0          0          0          0          0          0   entry7b.o
         4          0          0          0          0          0   entry8a.o
         0          0          0          0          0          0   entry8b.o
         8          4          0          0          0          0   entry9a.o
         8          4          0          4          0         60   errno.o
        30          0          0          0          0          0   handlers.o
        40          0          0          0          0         72   idiv.o
        36          8          0          0          0         68   init.o
        32          0          0          0          0         68   llshl.o
        34          0          0          0          0         68   llushr.o
       192         20          0          0          0        144   malloc.o
        36          0          0          0          0         60   memcpya.o
        36          0          0          0          0        100   memseta.o
         0          0          0          8          0          0   mvars.o
      1190         48          0          0          0        384   printf8.o
        28          0          0          0          0         68   strcmp.o
        18          0          0          0          0         60   strcpy.o
        14          0          0          0          0         60   strlen.o
       118          0          0          0          0         84   strtoul.o
        12          0          0          0          0         60   toupper.o
        44          0          0          0          0         72   uidiv.o
        96          0          0          0          0         84   uldiv.o

    ----------------------------------------------------------------------
      2684        126        133         28          0       2992   Library Totals
         6          0          0          0          0          0   (incl. Padding)

    ----------------------------------------------------------------------

      Code (inc. data)   RO Data    RW Data    ZI Data      Debug   Library Name

       312         16          0          0          0        812   cpprt_p.l
      2366        110        133         28          0       2180   mc_p.l

    ----------------------------------------------------------------------
      2684        126        133         28          0       2992   Library Totals

    ----------------------------------------------------------------------

==============================================================================


      Code (inc. data)   RO Data    RW Data    ZI Data      Debug   

     15452        958       2676        192       5632    1134551   Grand Totals
     15452        958       2676        192       5632    1134551   ELF Image Totals
     15452        958       2676        192          0          0   ROM Totals

==============================================================================

    Total RO  Size (Code + RO Data)                18128 (  17.70kB)
    Total RW  Size (RW Data + ZI Data)              5824 (   5.69kB)
    Total ROM Size (Code + RO Data + RW Data)      18320 (  17.89kB)

==============================================================================

